2025-10-05 23:35:26,147 - [0] Starting run for 100 TIC IDs in job 0...
2025-10-05 23:35:26,148 - [0] Downloading data products for the requested TIC IDs...
2025-10-05 23:35:26,149 - Downloading light curve and DV XML data for TIC 80166433 in sector run 1-39 (2min data)...
2025-10-05 23:35:33,546 - TESS SPOC DV XML file found was not found for TIC 80166433 in sector run 1-39 for 2min data. Skipping...
2025-10-05 23:35:33,546 - Downloading light curve and DV XML data for TIC 389924075 in sector run 1-39 (2min data)...
2025-10-05 23:35:42,958 - TESS SPOC DV XML file found was not found for TIC 389924075 in sector run 1-39 for 2min data. Skipping...
2025-10-05 23:35:42,958 - Downloading light curve and DV XML data for TIC 116483514 in sector run 1-39 (2min data)...
2025-10-05 23:35:49,117 - TESS SPOC DV XML file found was not found for TIC 116483514 in sector run 1-39 for 2min data. Skipping...
2025-10-05 23:35:49,118 - Downloading light curve and DV XML data for TIC 190442486 in sector run 1-39 (2min data)...
2025-10-05 23:35:49,452 - No observations found for TIC 190442486. Skipping...
2025-10-05 23:35:49,453 - Downloading light curve and DV XML data for TIC 128501004 in sector run 1-39 (2min data)...
2025-10-05 23:35:56,026 - No TESS SPOC light curve files found for TIC 128501004 in 2min data. Skipping...
2025-10-05 23:35:56,031 - Downloading light curve and DV XML data for TIC 306263608 in sector run 1-39 (2min data)...
2025-10-05 23:36:04,845 - TESS SPOC DV XML file found was not found for TIC 306263608 in sector run 1-39 for 2min data. Skipping...
2025-10-05 23:36:04,846 - Downloading light curve and DV XML data for TIC 165551882 in sector run 1-39 (2min data)...
2025-10-05 23:36:12,500 - TESS SPOC DV XML file found was not found for TIC 165551882 in sector run 1-39 for 2min data. Skipping...
2025-10-05 23:36:12,501 - Downloading light curve and DV XML data for TIC 425997655 in sector run 1-39 (2min data)...
2025-10-05 23:36:22,252 - TESS SPOC DV XML file found was not found for TIC 425997655 in sector run 1-39 for 2min data. Skipping...
2025-10-05 23:36:22,253 - Downloading light curve and DV XML data for TIC 287139872 in sector run 1-39 (2min data)...
2025-10-05 23:36:27,556 - TESS SPOC DV XML file found was not found for TIC 287139872 in sector run 1-39 for 2min data. Skipping...
2025-10-05 23:36:27,557 - Downloading light curve and DV XML data for TIC 29191624 in sector run 1-39 (2min data)...
2025-10-05 23:36:34,821 - TESS SPOC DV XML file found was not found for TIC 29191624 in sector run 1-39 for 2min data. Skipping...
2025-10-05 23:36:34,822 - Downloading light curve and DV XML data for TIC 142387023 in sector run 1-39 (2min data)...
2025-10-05 23:36:41,875 - TESS SPOC DV XML file found was not found for TIC 142387023 in sector run 1-39 for 2min data. Skipping...
2025-10-05 23:36:41,876 - Downloading light curve and DV XML data for TIC 390651552 in sector run 1-39 (2min data)...
2025-10-05 23:36:48,211 - TESS SPOC DV XML file found was not found for TIC 390651552 in sector run 1-39 for 2min data. Skipping...
2025-10-05 23:36:48,211 - Downloading light curve and DV XML data for TIC 242083025 in sector run 1-39 (2min data)...
2025-10-05 23:36:54,776 - TESS SPOC DV XML file found was not found for TIC 242083025 in sector run 1-39 for 2min data. Skipping...
2025-10-05 23:36:54,776 - Downloading light curve and DV XML data for TIC 12421862 in sector run 1-39 (2min data)...
2025-10-05 23:37:01,992 - TESS SPOC DV XML file found was not found for TIC 12421862 in sector run 1-39 for 2min data. Skipping...
2025-10-05 23:37:01,993 - Downloading light curve and DV XML data for TIC 317089588 in sector run 1-39 (2min data)...
2025-10-05 23:37:08,179 - TESS SPOC DV XML file found was not found for TIC 317089588 in sector run 1-39 for 2min data. Skipping...
2025-10-05 23:37:08,179 - Downloading light curve and DV XML data for TIC 26547036 in sector run 1-39 (2min data)...
2025-10-05 23:37:15,603 - TESS SPOC DV XML file found was not found for TIC 26547036 in sector run 1-39 for 2min data. Skipping...
2025-10-05 23:37:15,603 - Downloading light curve and DV XML data for TIC 271491157 in sector run 1-39 (2min data)...
2025-10-05 23:37:22,198 - No TESS SPOC light curve files found for TIC 271491157 in 2min data. Skipping...
2025-10-05 23:37:22,199 - Downloading light curve and DV XML data for TIC 259962054 in sector run 1-39 (2min data)...
2025-10-05 23:37:29,397 - TESS SPOC DV XML file found was not found for TIC 259962054 in sector run 1-39 for 2min data. Skipping...
2025-10-05 23:37:29,398 - Downloading light curve and DV XML data for TIC 373453507 in sector run 1-39 (2min data)...
2025-10-05 23:37:29,641 - No observations found for TIC 373453507. Skipping...
2025-10-05 23:37:29,642 - Downloading light curve and DV XML data for TIC 441798995 in sector run 1-39 (2min data)...
2025-10-05 23:37:36,974 - TESS SPOC DV XML file found was not found for TIC 441798995 in sector run 1-39 for 2min data. Skipping...
2025-10-05 23:37:36,974 - Downloading light curve and DV XML data for TIC 198456933 in sector run 1-39 (2min data)...
2025-10-05 23:37:46,778 - TESS SPOC DV XML file found was not found for TIC 198456933 in sector run 1-39 for 2min data. Skipping...
2025-10-05 23:37:46,779 - Downloading light curve and DV XML data for TIC 147951030 in sector run 1-39 (2min data)...
2025-10-05 23:37:53,860 - TESS SPOC DV XML file found was not found for TIC 147951030 in sector run 1-39 for 2min data. Skipping...
2025-10-05 23:37:53,861 - Downloading light curve and DV XML data for TIC 264171144 in sector run 1-39 (2min data)...
2025-10-05 23:38:02,561 - TESS SPOC DV XML file found was not found for TIC 264171144 in sector run 1-39 for 2min data. Skipping...
2025-10-05 23:38:02,561 - Downloading light curve and DV XML data for TIC 82452140 in sector run 1-39 (2min data)...
2025-10-05 23:38:10,923 - TESS SPOC DV XML file found was not found for TIC 82452140 in sector run 1-39 for 2min data. Skipping...
2025-10-05 23:38:10,924 - Downloading light curve and DV XML data for TIC 165554103 in sector run 1-39 (2min data)...
2025-10-05 23:38:22,864 - TESS SPOC DV XML file found was not found for TIC 165554103 in sector run 1-39 for 2min data. Skipping...
2025-10-05 23:38:22,865 - Downloading light curve and DV XML data for TIC 422838133 in sector run 1-39 (2min data)...
2025-10-05 23:38:31,483 - TESS SPOC DV XML file found was not found for TIC 422838133 in sector run 1-39 for 2min data. Skipping...
2025-10-05 23:38:31,484 - Downloading light curve and DV XML data for TIC 77156657 in sector run 1-39 (2min data)...
2025-10-05 23:38:40,486 - TESS SPOC DV XML file found was not found for TIC 77156657 in sector run 1-39 for 2min data. Skipping...
2025-10-05 23:38:40,487 - Downloading light curve and DV XML data for TIC 287256467 in sector run 1-39 (2min data)...
2025-10-05 23:38:47,499 - TESS SPOC DV XML file found was not found for TIC 287256467 in sector run 1-39 for 2min data. Skipping...
2025-10-05 23:38:47,500 - Downloading light curve and DV XML data for TIC 155867025 in sector run 1-39 (2min data)...
2025-10-05 23:38:54,066 - No TESS SPOC light curve files found for TIC 155867025 in 2min data. Skipping...
2025-10-05 23:38:54,067 - Downloading light curve and DV XML data for TIC 315398848 in sector run 1-39 (2min data)...
2025-10-05 23:39:01,801 - No TESS SPOC light curve files found for TIC 315398848 in 2min data. Skipping...
2025-10-05 23:39:01,802 - Downloading light curve and DV XML data for TIC 149917086 in sector run 1-39 (2min data)...
2025-10-05 23:39:09,268 - No TESS SPOC light curve files found for TIC 149917086 in 2min data. Skipping...
2025-10-05 23:39:09,269 - Downloading light curve and DV XML data for TIC 418133917 in sector run 1-39 (2min data)...
2025-10-05 23:39:17,749 - No TESS SPOC light curve files found for TIC 418133917 in 2min data. Skipping...
2025-10-05 23:39:17,750 - Downloading light curve and DV XML data for TIC 379629854 in sector run 1-39 (2min data)...
2025-10-05 23:39:26,240 - No TESS SPOC light curve files found for TIC 379629854 in 2min data. Skipping...
2025-10-05 23:39:26,241 - Downloading light curve and DV XML data for TIC 10507330 in sector run 1-39 (2min data)...
2025-10-05 23:39:31,593 - No TESS SPOC light curve files found for TIC 10507330 in 2min data. Skipping...
2025-10-05 23:39:31,594 - Downloading light curve and DV XML data for TIC 167719618 in sector run 1-39 (2min data)...
2025-10-05 23:39:43,287 - Downloading URL s3://stpubdata/tess/public/tid/s0001/0000/0001/6771/9618/tess2018206045859-s0001-0000000167719618-0120-s_lc.fits to /app/output/job_0/mastDownload/TESS/tess2018206045859-s0001-0000000167719618-0120-s/tess2018206045859-s0001-0000000167719618-0120-s_lc.fits ...
2025-10-05 23:39:43,902 - [Done]
2025-10-05 23:39:47,710 - Downloading URL s3://stpubdata/tess/public/tid/s0039/0000/0001/6771/9618/tess2018206190142-s0001-s0039-0000000167719618-00493_dvr.xml to /app/output/job_0/mastDownload/TESS/tess2018206190142-s0001-s0039-0000000167719618/tess2018206190142-s0001-s0039-0000000167719618-00493_dvr.xml ...
2025-10-05 23:39:48,330 - [Done]
2025-10-05 23:39:51,327 - Downloading URL s3://stpubdata/tess/public/tid/s0002/0000/0001/6771/9618/tess2018234235059-s0002-0000000167719618-0121-s_lc.fits to /app/output/job_0/mastDownload/TESS/tess2018234235059-s0002-0000000167719618-0121-s/tess2018234235059-s0002-0000000167719618-0121-s_lc.fits ...
2025-10-05 23:39:51,921 - [Done]
2025-10-05 23:39:54,811 - Downloading URL s3://stpubdata/tess/public/tid/s0003/0000/0001/6771/9618/tess2018263035959-s0003-0000000167719618-0123-s_lc.fits to /app/output/job_0/mastDownload/TESS/tess2018263035959-s0003-0000000167719618-0123-s/tess2018263035959-s0003-0000000167719618-0123-s_lc.fits ...
2025-10-05 23:39:55,428 - [Done]
2025-10-05 23:39:58,344 - Downloading URL s3://stpubdata/tess/public/tid/s0004/0000/0001/6771/9618/tess2018292075959-s0004-0000000167719618-0124-s_lc.fits to /app/output/job_0/mastDownload/TESS/tess2018292075959-s0004-0000000167719618-0124-s/tess2018292075959-s0004-0000000167719618-0124-s_lc.fits ...
2025-10-05 23:39:58,824 - [Done]
2025-10-05 23:40:01,781 - Downloading URL s3://stpubdata/tess/public/tid/s0005/0000/0001/6771/9618/tess2018319095959-s0005-0000000167719618-0125-s_lc.fits to /app/output/job_0/mastDownload/TESS/tess2018319095959-s0005-0000000167719618-0125-s/tess2018319095959-s0005-0000000167719618-0125-s_lc.fits ...
2025-10-05 23:40:02,388 - [Done]
2025-10-05 23:40:05,302 - Downloading URL s3://stpubdata/tess/public/tid/s0006/0000/0001/6771/9618/tess2018349182500-s0006-0000000167719618-0126-s_lc.fits to /app/output/job_0/mastDownload/TESS/tess2018349182500-s0006-0000000167719618-0126-s/tess2018349182500-s0006-0000000167719618-0126-s_lc.fits ...
2025-10-05 23:40:05,758 - [Done]
2025-10-05 23:40:08,670 - Downloading URL s3://stpubdata/tess/public/tid/s0007/0000/0001/6771/9618/tess2019006130736-s0007-0000000167719618-0131-s_lc.fits to /app/output/job_0/mastDownload/TESS/tess2019006130736-s0007-0000000167719618-0131-s/tess2019006130736-s0007-0000000167719618-0131-s_lc.fits ...
2025-10-05 23:40:09,281 - [Done]
2025-10-05 23:40:12,179 - Downloading URL s3://stpubdata/tess/public/tid/s0008/0000/0001/6771/9618/tess2019032160000-s0008-0000000167719618-0136-s_lc.fits to /app/output/job_0/mastDownload/TESS/tess2019032160000-s0008-0000000167719618-0136-s/tess2019032160000-s0008-0000000167719618-0136-s_lc.fits ...
2025-10-05 23:40:12,787 - [Done]
2025-10-05 23:40:15,758 - Downloading URL s3://stpubdata/tess/public/tid/s0010/0000/0001/6771/9618/tess2019085135100-s0010-0000000167719618-0140-s_lc.fits to /app/output/job_0/mastDownload/TESS/tess2019085135100-s0010-0000000167719618-0140-s/tess2019085135100-s0010-0000000167719618-0140-s_lc.fits ...
2025-10-05 23:40:16,383 - [Done]
2025-10-05 23:40:19,306 - Downloading URL s3://stpubdata/tess/public/tid/s0011/0000/0001/6771/9618/tess2019112060037-s0011-0000000167719618-0143-s_lc.fits to /app/output/job_0/mastDownload/TESS/tess2019112060037-s0011-0000000167719618-0143-s/tess2019112060037-s0011-0000000167719618-0143-s_lc.fits ...
2025-10-05 23:40:19,784 - [Done]
2025-10-05 23:40:22,742 - Downloading URL s3://stpubdata/tess/public/tid/s0012/0000/0001/6771/9618/tess2019140104343-s0012-0000000167719618-0144-s_lc.fits to /app/output/job_0/mastDownload/TESS/tess2019140104343-s0012-0000000167719618-0144-s/tess2019140104343-s0012-0000000167719618-0144-s_lc.fits ...
2025-10-05 23:40:23,371 - [Done]
2025-10-05 23:40:26,288 - Downloading URL s3://stpubdata/tess/public/tid/s0013/0000/0001/6771/9618/tess2019169103026-s0013-0000000167719618-0146-s_lc.fits to /app/output/job_0/mastDownload/TESS/tess2019169103026-s0013-0000000167719618-0146-s/tess2019169103026-s0013-0000000167719618-0146-s_lc.fits ...
2025-10-05 23:40:26,754 - [Done]
2025-10-05 23:40:29,685 - Downloading URL s3://stpubdata/tess/public/tid/s0027/0000/0001/6771/9618/tess2020186164531-s0027-0000000167719618-0189-s_lc.fits to /app/output/job_0/mastDownload/TESS/tess2020186164531-s0027-0000000167719618-0189-s/tess2020186164531-s0027-0000000167719618-0189-s_lc.fits ...
2025-10-05 23:40:30,152 - [Done]
2025-10-05 23:40:33,026 - Downloading URL s3://stpubdata/tess/public/tid/s0028/0000/0001/6771/9618/tess2020212050318-s0028-0000000167719618-0190-s_lc.fits to /app/output/job_0/mastDownload/TESS/tess2020212050318-s0028-0000000167719618-0190-s/tess2020212050318-s0028-0000000167719618-0190-s_lc.fits ...
2025-10-05 23:40:33,643 - [Done]
2025-10-05 23:40:36,549 - Downloading URL s3://stpubdata/tess/public/tid/s0029/0000/0001/6771/9618/tess2020238165205-s0029-0000000167719618-0193-s_lc.fits to /app/output/job_0/mastDownload/TESS/tess2020238165205-s0029-0000000167719618-0193-s/tess2020238165205-s0029-0000000167719618-0193-s_lc.fits ...
2025-10-05 23:40:37,019 - [Done]
2025-10-05 23:40:39,887 - Downloading URL s3://stpubdata/tess/public/tid/s0030/0000/0001/6771/9618/tess2020266004630-s0030-0000000167719618-0195-s_lc.fits to /app/output/job_0/mastDownload/TESS/tess2020266004630-s0030-0000000167719618-0195-s/tess2020266004630-s0030-0000000167719618-0195-s_lc.fits ...
2025-10-05 23:40:40,520 - [Done]
2025-10-05 23:40:43,424 - Downloading URL s3://stpubdata/tess/public/tid/s0031/0000/0001/6771/9618/tess2020294194027-s0031-0000000167719618-0198-s_lc.fits to /app/output/job_0/mastDownload/TESS/tess2020294194027-s0031-0000000167719618-0198-s/tess2020294194027-s0031-0000000167719618-0198-s_lc.fits ...
2025-10-05 23:40:43,902 - [Done]
2025-10-05 23:40:46,832 - Downloading URL s3://stpubdata/tess/public/tid/s0032/0000/0001/6771/9618/tess2020324010417-s0032-0000000167719618-0200-s_lc.fits to /app/output/job_0/mastDownload/TESS/tess2020324010417-s0032-0000000167719618-0200-s/tess2020324010417-s0032-0000000167719618-0200-s_lc.fits ...
2025-10-05 23:40:47,443 - [Done]
2025-10-05 23:40:50,378 - Downloading URL s3://stpubdata/tess/public/tid/s0033/0000/0001/6771/9618/tess2020351194500-s0033-0000000167719618-0203-s_lc.fits to /app/output/job_0/mastDownload/TESS/tess2020351194500-s0033-0000000167719618-0203-s/tess2020351194500-s0033-0000000167719618-0203-s_lc.fits ...
2025-10-05 23:40:50,978 - [Done]
2025-10-05 23:40:53,954 - Downloading URL s3://stpubdata/tess/public/tid/s0034/0000/0001/6771/9618/tess2021014023720-s0034-0000000167719618-0204-s_lc.fits to /app/output/job_0/mastDownload/TESS/tess2021014023720-s0034-0000000167719618-0204-s/tess2021014023720-s0034-0000000167719618-0204-s_lc.fits ...
2025-10-05 23:40:54,423 - [Done]
2025-10-05 23:40:57,299 - Downloading URL s3://stpubdata/tess/public/tid/s0035/0000/0001/6771/9618/tess2021039152502-s0035-0000000167719618-0205-s_lc.fits to /app/output/job_0/mastDownload/TESS/tess2021039152502-s0035-0000000167719618-0205-s/tess2021039152502-s0035-0000000167719618-0205-s_lc.fits ...
2025-10-05 23:40:57,765 - [Done]
2025-10-05 23:41:00,663 - Downloading URL s3://stpubdata/tess/public/tid/s0036/0000/0001/6771/9618/tess2021065132309-s0036-0000000167719618-0207-s_lc.fits to /app/output/job_0/mastDownload/TESS/tess2021065132309-s0036-0000000167719618-0207-s/tess2021065132309-s0036-0000000167719618-0207-s_lc.fits ...
2025-10-05 23:41:01,126 - [Done]
2025-10-05 23:41:04,003 - Downloading URL s3://stpubdata/tess/public/tid/s0037/0000/0001/6771/9618/tess2021091135823-s0037-0000000167719618-0208-s_lc.fits to /app/output/job_0/mastDownload/TESS/tess2021091135823-s0037-0000000167719618-0208-s/tess2021091135823-s0037-0000000167719618-0208-s_lc.fits ...
2025-10-05 23:41:04,623 - [Done]
2025-10-05 23:41:07,594 - Downloading URL s3://stpubdata/tess/public/tid/s0038/0000/0001/6771/9618/tess2021118034608-s0038-0000000167719618-0209-s_lc.fits to /app/output/job_0/mastDownload/TESS/tess2021118034608-s0038-0000000167719618-0209-s/tess2021118034608-s0038-0000000167719618-0209-s_lc.fits ...
2025-10-05 23:41:08,209 - [Done]
2025-10-05 23:41:08,217 - Finished downloading light curve and DV XML data for TIC 167719618 in sector run 1-39 (2min data)...
2025-10-05 23:41:08,218 - Downloading light curve and DV XML data for TIC 143072696 in sector run 1-39 (2min data)...
2025-10-05 23:41:16,573 - No TESS SPOC light curve files found for TIC 143072696 in 2min data. Skipping...
2025-10-05 23:41:16,573 - Downloading light curve and DV XML data for TIC 122617317 in sector run 1-39 (2min data)...
2025-10-05 23:41:26,573 - TESS SPOC DV XML file found was not found for TIC 122617317 in sector run 1-39 for 2min data. Skipping...
2025-10-05 23:41:26,574 - Downloading light curve and DV XML data for TIC 311130133 in sector run 1-39 (2min data)...
2025-10-05 23:41:36,853 - TESS SPOC DV XML file found was not found for TIC 311130133 in sector run 1-39 for 2min data. Skipping...
2025-10-05 23:41:36,853 - Downloading light curve and DV XML data for TIC 404518509 in sector run 1-39 (2min data)...
2025-10-05 23:41:45,736 - TESS SPOC DV XML file found was not found for TIC 404518509 in sector run 1-39 for 2min data. Skipping...
2025-10-05 23:41:45,736 - Downloading light curve and DV XML data for TIC 77175217 in sector run 1-39 (2min data)...
2025-10-05 23:41:51,237 - TESS SPOC DV XML file found was not found for TIC 77175217 in sector run 1-39 for 2min data. Skipping...
2025-10-05 23:41:51,238 - Downloading light curve and DV XML data for TIC 62301521 in sector run 1-39 (2min data)...
2025-10-05 23:41:59,568 - TESS SPOC DV XML file found was not found for TIC 62301521 in sector run 1-39 for 2min data. Skipping...
2025-10-05 23:41:59,568 - Downloading light curve and DV XML data for TIC 418255064 in sector run 1-39 (2min data)...
2025-10-05 23:42:12,060 - Downloading URL s3://stpubdata/tess/public/tid/s0039/0000/0004/1825/5064/tess2018206190142-s0001-s0039-0000000418255064-00493_dvr.xml to /app/output/job_0/mastDownload/TESS/tess2018206190142-s0001-s0039-0000000418255064/tess2018206190142-s0001-s0039-0000000418255064-00493_dvr.xml ...
2025-10-05 23:42:12,082 - [Done]
2025-10-05 23:42:15,164 - Downloading URL s3://stpubdata/tess/public/tid/s0011/0000/0004/1825/5064/tess2019112060037-s0011-0000000418255064-0143-s_lc.fits to /app/output/job_0/mastDownload/TESS/tess2019112060037-s0011-0000000418255064-0143-s/tess2019112060037-s0011-0000000418255064-0143-s_lc.fits ...
2025-10-05 23:42:15,789 - [Done]
2025-10-05 23:42:18,799 - Downloading URL s3://stpubdata/tess/public/tid/s0012/0000/0004/1825/5064/tess2019140104343-s0012-0000000418255064-0144-s_lc.fits to /app/output/job_0/mastDownload/TESS/tess2019140104343-s0012-0000000418255064-0144-s/tess2019140104343-s0012-0000000418255064-0144-s_lc.fits ...
2025-10-05 23:42:19,431 - [Done]
2025-10-05 23:42:22,385 - Downloading URL s3://stpubdata/tess/public/tid/s0038/0000/0004/1825/5064/tess2021118034608-s0038-0000000418255064-0209-s_lc.fits to /app/output/job_0/mastDownload/TESS/tess2021118034608-s0038-0000000418255064-0209-s/tess2021118034608-s0038-0000000418255064-0209-s_lc.fits ...
2025-10-05 23:42:23,009 - [Done]
2025-10-05 23:42:26,033 - Downloading URL s3://stpubdata/tess/public/tid/s0039/0000/0004/1825/5064/tess2021146024351-s0039-0000000418255064-0210-s_lc.fits to /app/output/job_0/mastDownload/TESS/tess2021146024351-s0039-0000000418255064-0210-s/tess2021146024351-s0039-0000000418255064-0210-s_lc.fits ...
2025-10-05 23:42:26,670 - [Done]
2025-10-05 23:42:26,680 - Finished downloading light curve and DV XML data for TIC 418255064 in sector run 1-39 (2min data)...
2025-10-05 23:42:26,681 - Downloading light curve and DV XML data for TIC 350299588 in sector run 1-39 (2min data)...
2025-10-05 23:42:39,710 - Downloading URL s3://stpubdata/tess/public/tid/s0001/0000/0003/5029/9588/tess2018206045859-s0001-0000000350299588-0120-s_lc.fits to /app/output/job_0/mastDownload/TESS/tess2018206045859-s0001-0000000350299588-0120-s/tess2018206045859-s0001-0000000350299588-0120-s_lc.fits ...
2025-10-05 23:42:40,330 - [Done]
2025-10-05 23:42:43,235 - Downloading URL s3://stpubdata/tess/public/tid/s0039/0000/0003/5029/9588/tess2018206190142-s0001-s0039-0000000350299588-00493_dvr.xml to /app/output/job_0/mastDownload/TESS/tess2018206190142-s0001-s0039-0000000350299588/tess2018206190142-s0001-s0039-0000000350299588-00493_dvr.xml ...
2025-10-05 23:42:43,687 - [Done]
2025-10-05 23:42:46,708 - Downloading URL s3://stpubdata/tess/public/tid/s0002/0000/0003/5029/9588/tess2018234235059-s0002-0000000350299588-0121-s_lc.fits to /app/output/job_0/mastDownload/TESS/tess2018234235059-s0002-0000000350299588-0121-s/tess2018234235059-s0002-0000000350299588-0121-s_lc.fits ...
2025-10-05 23:42:47,337 - [Done]
2025-10-05 23:42:50,206 - Downloading URL s3://stpubdata/tess/public/tid/s0003/0000/0003/5029/9588/tess2018263035959-s0003-0000000350299588-0123-s_lc.fits to /app/output/job_0/mastDownload/TESS/tess2018263035959-s0003-0000000350299588-0123-s/tess2018263035959-s0003-0000000350299588-0123-s_lc.fits ...
2025-10-05 23:42:50,835 - [Done]
2025-10-05 23:42:53,857 - Downloading URL s3://stpubdata/tess/public/tid/s0004/0000/0003/5029/9588/tess2018292075959-s0004-0000000350299588-0124-s_lc.fits to /app/output/job_0/mastDownload/TESS/tess2018292075959-s0004-0000000350299588-0124-s/tess2018292075959-s0004-0000000350299588-0124-s_lc.fits ...
2025-10-05 23:42:54,576 - [Done]
2025-10-05 23:42:57,750 - Downloading URL s3://stpubdata/tess/public/tid/s0005/0000/0003/5029/9588/tess2018319095959-s0005-0000000350299588-0125-s_lc.fits to /app/output/job_0/mastDownload/TESS/tess2018319095959-s0005-0000000350299588-0125-s/tess2018319095959-s0005-0000000350299588-0125-s_lc.fits ...
2025-10-05 23:42:58,346 - [Done]
2025-10-05 23:43:01,242 - Downloading URL s3://stpubdata/tess/public/tid/s0006/0000/0003/5029/9588/tess2018349182500-s0006-0000000350299588-0126-s_lc.fits to /app/output/job_0/mastDownload/TESS/tess2018349182500-s0006-0000000350299588-0126-s/tess2018349182500-s0006-0000000350299588-0126-s_lc.fits ...
2025-10-05 23:43:01,854 - [Done]
2025-10-05 23:43:04,783 - Downloading URL s3://stpubdata/tess/public/tid/s0007/0000/0003/5029/9588/tess2019006130736-s0007-0000000350299588-0131-s_lc.fits to /app/output/job_0/mastDownload/TESS/tess2019006130736-s0007-0000000350299588-0131-s/tess2019006130736-s0007-0000000350299588-0131-s_lc.fits ...
2025-10-05 23:43:05,402 - [Done]
2025-10-05 23:43:08,359 - Downloading URL s3://stpubdata/tess/public/tid/s0008/0000/0003/5029/9588/tess2019032160000-s0008-0000000350299588-0136-s_lc.fits to /app/output/job_0/mastDownload/TESS/tess2019032160000-s0008-0000000350299588-0136-s/tess2019032160000-s0008-0000000350299588-0136-s_lc.fits ...
2025-10-05 23:43:09,015 - [Done]
2025-10-05 23:43:11,980 - Downloading URL s3://stpubdata/tess/public/tid/s0009/0000/0003/5029/9588/tess2019058134432-s0009-0000000350299588-0139-s_lc.fits to /app/output/job_0/mastDownload/TESS/tess2019058134432-s0009-0000000350299588-0139-s/tess2019058134432-s0009-0000000350299588-0139-s_lc.fits ...
2025-10-05 23:43:12,480 - [Done]
2025-10-05 23:43:15,445 - Downloading URL s3://stpubdata/tess/public/tid/s0010/0000/0003/5029/9588/tess2019085135100-s0010-0000000350299588-0140-s_lc.fits to /app/output/job_0/mastDownload/TESS/tess2019085135100-s0010-0000000350299588-0140-s/tess2019085135100-s0010-0000000350299588-0140-s_lc.fits ...
2025-10-05 23:43:16,042 - [Done]
2025-10-05 23:43:18,966 - Downloading URL s3://stpubdata/tess/public/tid/s0011/0000/0003/5029/9588/tess2019112060037-s0011-0000000350299588-0143-s_lc.fits to /app/output/job_0/mastDownload/TESS/tess2019112060037-s0011-0000000350299588-0143-s/tess2019112060037-s0011-0000000350299588-0143-s_lc.fits ...
2025-10-05 23:43:19,645 - [Done]
2025-10-05 23:43:22,602 - Downloading URL s3://stpubdata/tess/public/tid/s0012/0000/0003/5029/9588/tess2019140104343-s0012-0000000350299588-0144-s_lc.fits to /app/output/job_0/mastDownload/TESS/tess2019140104343-s0012-0000000350299588-0144-s/tess2019140104343-s0012-0000000350299588-0144-s_lc.fits ...
2025-10-05 23:43:23,222 - [Done]
2025-10-05 23:43:26,125 - Downloading URL s3://stpubdata/tess/public/tid/s0013/0000/0003/5029/9588/tess2019169103026-s0013-0000000350299588-0146-s_lc.fits to /app/output/job_0/mastDownload/TESS/tess2019169103026-s0013-0000000350299588-0146-s/tess2019169103026-s0013-0000000350299588-0146-s_lc.fits ...
2025-10-05 23:43:26,601 - [Done]
2025-10-05 23:43:29,578 - Downloading URL s3://stpubdata/tess/public/tid/s0027/0000/0003/5029/9588/tess2020186164531-s0027-0000000350299588-0189-s_lc.fits to /app/output/job_0/mastDownload/TESS/tess2020186164531-s0027-0000000350299588-0189-s/tess2020186164531-s0027-0000000350299588-0189-s_lc.fits ...
2025-10-05 23:43:30,193 - [Done]
2025-10-05 23:43:33,071 - Downloading URL s3://stpubdata/tess/public/tid/s0028/0000/0003/5029/9588/tess2020212050318-s0028-0000000350299588-0190-s_lc.fits to /app/output/job_0/mastDownload/TESS/tess2020212050318-s0028-0000000350299588-0190-s/tess2020212050318-s0028-0000000350299588-0190-s_lc.fits ...
2025-10-05 23:43:33,692 - [Done]
2025-10-05 23:43:36,625 - Downloading URL s3://stpubdata/tess/public/tid/s0029/0000/0003/5029/9588/tess2020238165205-s0029-0000000350299588-0193-s_lc.fits to /app/output/job_0/mastDownload/TESS/tess2020238165205-s0029-0000000350299588-0193-s/tess2020238165205-s0029-0000000350299588-0193-s_lc.fits ...
2025-10-05 23:43:37,237 - [Done]
2025-10-05 23:43:40,182 - Downloading URL s3://stpubdata/tess/public/tid/s0030/0000/0003/5029/9588/tess2020266004630-s0030-0000000350299588-0195-s_lc.fits to /app/output/job_0/mastDownload/TESS/tess2020266004630-s0030-0000000350299588-0195-s/tess2020266004630-s0030-0000000350299588-0195-s_lc.fits ...
2025-10-05 23:43:40,661 - [Done]
2025-10-05 23:43:43,567 - Downloading URL s3://stpubdata/tess/public/tid/s0031/0000/0003/5029/9588/tess2020294194027-s0031-0000000350299588-0198-s_lc.fits to /app/output/job_0/mastDownload/TESS/tess2020294194027-s0031-0000000350299588-0198-s/tess2020294194027-s0031-0000000350299588-0198-s_lc.fits ...
2025-10-05 23:43:44,074 - [Done]
2025-10-05 23:43:47,015 - Downloading URL s3://stpubdata/tess/public/tid/s0033/0000/0003/5029/9588/tess2020351194500-s0033-0000000350299588-0203-s_lc.fits to /app/output/job_0/mastDownload/TESS/tess2020351194500-s0033-0000000350299588-0203-s/tess2020351194500-s0033-0000000350299588-0203-s_lc.fits ...
2025-10-05 23:43:47,623 - [Done]
2025-10-05 23:43:50,534 - Downloading URL s3://stpubdata/tess/public/tid/s0034/0000/0003/5029/9588/tess2021014023720-s0034-0000000350299588-0204-s_lc.fits to /app/output/job_0/mastDownload/TESS/tess2021014023720-s0034-0000000350299588-0204-s/tess2021014023720-s0034-0000000350299588-0204-s_lc.fits ...
2025-10-05 23:43:51,182 - [Done]
2025-10-05 23:43:54,137 - Downloading URL s3://stpubdata/tess/public/tid/s0035/0000/0003/5029/9588/tess2021039152502-s0035-0000000350299588-0205-s_lc.fits to /app/output/job_0/mastDownload/TESS/tess2021039152502-s0035-0000000350299588-0205-s/tess2021039152502-s0035-0000000350299588-0205-s_lc.fits ...
2025-10-05 23:43:54,610 - [Done]
2025-10-05 23:43:57,640 - Downloading URL s3://stpubdata/tess/public/tid/s0036/0000/0003/5029/9588/tess2021065132309-s0036-0000000350299588-0207-s_lc.fits to /app/output/job_0/mastDownload/TESS/tess2021065132309-s0036-0000000350299588-0207-s/tess2021065132309-s0036-0000000350299588-0207-s_lc.fits ...
2025-10-05 23:43:58,119 - [Done]
2025-10-05 23:44:00,989 - Downloading URL s3://stpubdata/tess/public/tid/s0037/0000/0003/5029/9588/tess2021091135823-s0037-0000000350299588-0208-s_lc.fits to /app/output/job_0/mastDownload/TESS/tess2021091135823-s0037-0000000350299588-0208-s/tess2021091135823-s0037-0000000350299588-0208-s_lc.fits ...
2025-10-05 23:44:01,457 - [Done]
2025-10-05 23:44:04,377 - Downloading URL s3://stpubdata/tess/public/tid/s0038/0000/0003/5029/9588/tess2021118034608-s0038-0000000350299588-0209-s_lc.fits to /app/output/job_0/mastDownload/TESS/tess2021118034608-s0038-0000000350299588-0209-s/tess2021118034608-s0038-0000000350299588-0209-s_lc.fits ...
2025-10-05 23:44:04,875 - [Done]
2025-10-05 23:44:07,881 - Downloading URL s3://stpubdata/tess/public/tid/s0039/0000/0003/5029/9588/tess2021146024351-s0039-0000000350299588-0210-s_lc.fits to /app/output/job_0/mastDownload/TESS/tess2021146024351-s0039-0000000350299588-0210-s/tess2021146024351-s0039-0000000350299588-0210-s_lc.fits ...
2025-10-05 23:44:08,390 - [Done]
2025-10-05 23:44:08,420 - Finished downloading light curve and DV XML data for TIC 350299588 in sector run 1-39 (2min data)...
2025-10-05 23:44:08,420 - Downloading light curve and DV XML data for TIC 176797879 in sector run 1-39 (2min data)...
2025-10-05 23:44:13,642 - TESS SPOC DV XML file found was not found for TIC 176797879 in sector run 1-39 for 2min data. Skipping...
2025-10-05 23:44:13,643 - Downloading light curve and DV XML data for TIC 334632624 in sector run 1-39 (2min data)...
2025-10-05 23:44:25,892 - TESS SPOC DV XML file found was not found for TIC 334632624 in sector run 1-39 for 2min data. Skipping...
2025-10-05 23:44:25,893 - Downloading light curve and DV XML data for TIC 41387532 in sector run 1-39 (2min data)...
2025-10-05 23:44:35,726 - TESS SPOC DV XML file found was not found for TIC 41387532 in sector run 1-39 for 2min data. Skipping...
2025-10-05 23:44:35,727 - Downloading light curve and DV XML data for TIC 362223355 in sector run 1-39 (2min data)...
2025-10-05 23:44:44,795 - No TESS SPOC light curve files found for TIC 362223355 in 2min data. Skipping...
2025-10-05 23:44:44,796 - Downloading light curve and DV XML data for TIC 398733009 in sector run 1-39 (2min data)...
2025-10-05 23:44:53,290 - TESS SPOC DV XML file found was not found for TIC 398733009 in sector run 1-39 for 2min data. Skipping...
2025-10-05 23:44:53,291 - Downloading light curve and DV XML data for TIC 424747720 in sector run 1-39 (2min data)...
2025-10-05 23:45:01,578 - TESS SPOC DV XML file found was not found for TIC 424747720 in sector run 1-39 for 2min data. Skipping...
2025-10-05 23:45:01,579 - Downloading light curve and DV XML data for TIC 302759417 in sector run 1-39 (2min data)...
2025-10-05 23:45:08,483 - No TESS SPOC light curve files found for TIC 302759417 in 2min data. Skipping...
2025-10-05 23:45:08,484 - Downloading light curve and DV XML data for TIC 230055368 in sector run 1-39 (2min data)...
2025-10-05 23:45:17,266 - TESS SPOC DV XML file found was not found for TIC 230055368 in sector run 1-39 for 2min data. Skipping...
2025-10-05 23:45:17,268 - Downloading light curve and DV XML data for TIC 458481611 in sector run 1-39 (2min data)...
2025-10-05 23:45:26,685 - No TESS SPOC light curve files found for TIC 458481611 in 2min data. Skipping...
2025-10-05 23:45:26,685 - Downloading light curve and DV XML data for TIC 157768969 in sector run 1-39 (2min data)...
2025-10-05 23:45:35,249 - No TESS SPOC light curve files found for TIC 157768969 in 2min data. Skipping...
2025-10-05 23:45:35,250 - Downloading light curve and DV XML data for TIC 102846772 in sector run 1-39 (2min data)...
2025-10-05 23:45:44,486 - No TESS SPOC light curve files found for TIC 102846772 in 2min data. Skipping...
2025-10-05 23:45:44,486 - Downloading light curve and DV XML data for TIC 243244680 in sector run 1-39 (2min data)...
2025-10-05 23:45:54,163 - No TESS SPOC light curve files found for TIC 243244680 in 2min data. Skipping...
2025-10-05 23:45:54,166 - Downloading light curve and DV XML data for TIC 238606535 in sector run 1-39 (2min data)...
2025-10-05 23:46:02,153 - No TESS SPOC light curve files found for TIC 238606535 in 2min data. Skipping...
2025-10-05 23:46:02,154 - Downloading light curve and DV XML data for TIC 127505658 in sector run 1-39 (2min data)...
2025-10-05 23:46:11,240 - No TESS SPOC light curve files found for TIC 127505658 in 2min data. Skipping...
2025-10-05 23:46:11,241 - Downloading light curve and DV XML data for TIC 101011575 in sector run 1-39 (2min data)...
2025-10-05 23:46:20,969 - TESS SPOC DV XML file found was not found for TIC 101011575 in sector run 1-39 for 2min data. Skipping...
2025-10-05 23:46:20,970 - Downloading light curve and DV XML data for TIC 366410512 in sector run 1-39 (2min data)...
2025-10-05 23:46:30,773 - TESS SPOC DV XML file found was not found for TIC 366410512 in sector run 1-39 for 2min data. Skipping...
2025-10-05 23:46:30,773 - Downloading light curve and DV XML data for TIC 143032776 in sector run 1-39 (2min data)...
2025-10-05 23:46:36,602 - No TESS SPOC light curve files found for TIC 143032776 in 2min data. Skipping...
2025-10-05 23:46:36,603 - Downloading light curve and DV XML data for TIC 166053959 in sector run 1-39 (2min data)...
2025-10-05 23:46:42,278 - TESS SPOC DV XML file found was not found for TIC 166053959 in sector run 1-39 for 2min data. Skipping...
2025-10-05 23:46:42,278 - Downloading light curve and DV XML data for TIC 74484423 in sector run 1-39 (2min data)...
2025-10-05 23:46:51,910 - No TESS SPOC light curve files found for TIC 74484423 in 2min data. Skipping...
2025-10-05 23:46:51,910 - Downloading light curve and DV XML data for TIC 298600443 in sector run 1-39 (2min data)...
2025-10-05 23:46:57,704 - TESS SPOC DV XML file found was not found for TIC 298600443 in sector run 1-39 for 2min data. Skipping...
2025-10-05 23:46:57,705 - Downloading light curve and DV XML data for TIC 1103432 in sector run 1-39 (2min data)...
2025-10-05 23:47:05,259 - TESS SPOC DV XML file found was not found for TIC 1103432 in sector run 1-39 for 2min data. Skipping...
2025-10-05 23:47:05,260 - Downloading light curve and DV XML data for TIC 303364023 in sector run 1-39 (2min data)...
2025-10-05 23:47:13,841 - TESS SPOC DV XML file found was not found for TIC 303364023 in sector run 1-39 for 2min data. Skipping...
2025-10-05 23:47:13,842 - Downloading light curve and DV XML data for TIC 431810418 in sector run 1-39 (2min data)...
2025-10-05 23:47:23,055 - No TESS SPOC light curve files found for TIC 431810418 in 2min data. Skipping...
2025-10-05 23:47:23,056 - Downloading light curve and DV XML data for TIC 332657786 in sector run 1-39 (2min data)...
2025-10-05 23:47:31,636 - TESS SPOC DV XML file found was not found for TIC 332657786 in sector run 1-39 for 2min data. Skipping...
2025-10-05 23:47:31,636 - Downloading light curve and DV XML data for TIC 164652245 in sector run 1-39 (2min data)...
2025-10-05 23:47:43,609 - TESS SPOC DV XML file found was not found for TIC 164652245 in sector run 1-39 for 2min data. Skipping...
2025-10-05 23:47:43,610 - Downloading light curve and DV XML data for TIC 158657354 in sector run 1-39 (2min data)...
2025-10-05 23:47:52,657 - No TESS SPOC light curve files found for TIC 158657354 in 2min data. Skipping...
2025-10-05 23:47:52,658 - Downloading light curve and DV XML data for TIC 142277868 in sector run 1-39 (2min data)...
2025-10-05 23:47:59,769 - No TESS SPOC light curve files found for TIC 142277868 in 2min data. Skipping...
2025-10-05 23:47:59,770 - Downloading light curve and DV XML data for TIC 293880523 in sector run 1-39 (2min data)...
2025-10-05 23:48:09,726 - No TESS SPOC light curve files found for TIC 293880523 in 2min data. Skipping...
2025-10-05 23:48:09,727 - Downloading light curve and DV XML data for TIC 147193084 in sector run 1-39 (2min data)...
2025-10-05 23:48:10,156 - No observations found for TIC 147193084. Skipping...
2025-10-05 23:48:10,158 - Downloading light curve and DV XML data for TIC 296737508 in sector run 1-39 (2min data)...
2025-10-05 23:48:18,047 - TESS SPOC DV XML file found was not found for TIC 296737508 in sector run 1-39 for 2min data. Skipping...
2025-10-05 23:48:18,048 - Downloading light curve and DV XML data for TIC 361218772 in sector run 1-39 (2min data)...
2025-10-05 23:48:25,647 - No TESS SPOC light curve files found for TIC 361218772 in 2min data. Skipping...
2025-10-05 23:48:25,647 - Downloading light curve and DV XML data for TIC 456171328 in sector run 1-39 (2min data)...
2025-10-05 23:48:35,951 - No TESS SPOC light curve files found for TIC 456171328 in 2min data. Skipping...
2025-10-05 23:48:35,952 - Downloading light curve and DV XML data for TIC 94012094 in sector run 1-39 (2min data)...
2025-10-05 23:48:41,656 - No TESS SPOC light curve files found for TIC 94012094 in 2min data. Skipping...
2025-10-05 23:48:41,656 - Downloading light curve and DV XML data for TIC 424388628 in sector run 1-39 (2min data)...
2025-10-05 23:48:51,199 - TESS SPOC DV XML file found was not found for TIC 424388628 in sector run 1-39 for 2min data. Skipping...
2025-10-05 23:48:51,199 - Downloading light curve and DV XML data for TIC 239159011 in sector run 1-39 (2min data)...
2025-10-05 23:48:51,435 - No observations found for TIC 239159011. Skipping...
2025-10-05 23:48:51,435 - Downloading light curve and DV XML data for TIC 440150441 in sector run 1-39 (2min data)...
2025-10-05 23:48:59,198 - TESS SPOC DV XML file found was not found for TIC 440150441 in sector run 1-39 for 2min data. Skipping...
2025-10-05 23:48:59,198 - Downloading light curve and DV XML data for TIC 283884522 in sector run 1-39 (2min data)...
2025-10-05 23:49:07,623 - TESS SPOC DV XML file found was not found for TIC 283884522 in sector run 1-39 for 2min data. Skipping...
2025-10-05 23:49:07,624 - Downloading light curve and DV XML data for TIC 6764171 in sector run 1-39 (2min data)...
2025-10-05 23:49:15,204 - No TESS SPOC light curve files found for TIC 6764171 in 2min data. Skipping...
2025-10-05 23:49:15,204 - Downloading light curve and DV XML data for TIC 255560319 in sector run 1-39 (2min data)...
2025-10-05 23:49:27,536 - Downloading URL s3://stpubdata/tess/public/tid/s0001/0000/0002/5556/0319/tess2018206045859-s0001-0000000255560319-0120-s_lc.fits to /app/output/job_0/mastDownload/TESS/tess2018206045859-s0001-0000000255560319-0120-s/tess2018206045859-s0001-0000000255560319-0120-s_lc.fits ...
2025-10-05 23:49:28,143 - [Done]
2025-10-05 23:49:31,054 - Downloading URL s3://stpubdata/tess/public/tid/s0039/0000/0002/5556/0319/tess2018206190142-s0001-s0039-0000000255560319-00493_dvr.xml to /app/output/job_0/mastDownload/TESS/tess2018206190142-s0001-s0039-0000000255560319/tess2018206190142-s0001-s0039-0000000255560319-00493_dvr.xml ...
2025-10-05 23:49:31,514 - [Done]
2025-10-05 23:49:34,542 - Downloading URL s3://stpubdata/tess/public/tid/s0002/0000/0002/5556/0319/tess2018234235059-s0002-0000000255560319-0121-s_lc.fits to /app/output/job_0/mastDownload/TESS/tess2018234235059-s0002-0000000255560319-0121-s/tess2018234235059-s0002-0000000255560319-0121-s_lc.fits ...
2025-10-05 23:49:35,062 - [Done]
2025-10-05 23:49:38,040 - Downloading URL s3://stpubdata/tess/public/tid/s0005/0000/0002/5556/0319/tess2018319095959-s0005-0000000255560319-0125-s_lc.fits to /app/output/job_0/mastDownload/TESS/tess2018319095959-s0005-0000000255560319-0125-s/tess2018319095959-s0005-0000000255560319-0125-s_lc.fits ...
2025-10-05 23:49:38,649 - [Done]
2025-10-05 23:49:41,627 - Downloading URL s3://stpubdata/tess/public/tid/s0007/0000/0002/5556/0319/tess2019006130736-s0007-0000000255560319-0131-s_lc.fits to /app/output/job_0/mastDownload/TESS/tess2019006130736-s0007-0000000255560319-0131-s/tess2019006130736-s0007-0000000255560319-0131-s_lc.fits ...
2025-10-05 23:49:42,243 - [Done]
2025-10-05 23:49:45,157 - Downloading URL s3://stpubdata/tess/public/tid/s0008/0000/0002/5556/0319/tess2019032160000-s0008-0000000255560319-0136-s_lc.fits to /app/output/job_0/mastDownload/TESS/tess2019032160000-s0008-0000000255560319-0136-s/tess2019032160000-s0008-0000000255560319-0136-s_lc.fits ...
2025-10-05 23:49:45,624 - [Done]
2025-10-05 23:49:48,592 - Downloading URL s3://stpubdata/tess/public/tid/s0011/0000/0002/5556/0319/tess2019112060037-s0011-0000000255560319-0143-s_lc.fits to /app/output/job_0/mastDownload/TESS/tess2019112060037-s0011-0000000255560319-0143-s/tess2019112060037-s0011-0000000255560319-0143-s_lc.fits ...
2025-10-05 23:49:49,069 - [Done]
2025-10-05 23:49:52,004 - Downloading URL s3://stpubdata/tess/public/tid/s0012/0000/0002/5556/0319/tess2019140104343-s0012-0000000255560319-0144-s_lc.fits to /app/output/job_0/mastDownload/TESS/tess2019140104343-s0012-0000000255560319-0144-s/tess2019140104343-s0012-0000000255560319-0144-s_lc.fits ...
2025-10-05 23:49:52,623 - [Done]
2025-10-05 23:49:55,556 - Downloading URL s3://stpubdata/tess/public/tid/s0028/0000/0002/5556/0319/tess2020212050318-s0028-0000000255560319-0190-s_lc.fits to /app/output/job_0/mastDownload/TESS/tess2020212050318-s0028-0000000255560319-0190-s/tess2020212050318-s0028-0000000255560319-0190-s_lc.fits ...
2025-10-05 23:49:56,179 - [Done]
2025-10-05 23:49:59,051 - Downloading URL s3://stpubdata/tess/public/tid/s0029/0000/0002/5556/0319/tess2020238165205-s0029-0000000255560319-0193-s_lc.fits to /app/output/job_0/mastDownload/TESS/tess2020238165205-s0029-0000000255560319-0193-s/tess2020238165205-s0029-0000000255560319-0193-s_lc.fits ...
2025-10-05 23:49:59,525 - [Done]
2025-10-05 23:50:02,481 - Downloading URL s3://stpubdata/tess/public/tid/s0031/0000/0002/5556/0319/tess2020294194027-s0031-0000000255560319-0198-s_lc.fits to /app/output/job_0/mastDownload/TESS/tess2020294194027-s0031-0000000255560319-0198-s/tess2020294194027-s0031-0000000255560319-0198-s_lc.fits ...
2025-10-05 23:50:03,115 - [Done]
2025-10-05 23:50:06,005 - Downloading URL s3://stpubdata/tess/public/tid/s0032/0000/0002/5556/0319/tess2020324010417-s0032-0000000255560319-0200-s_lc.fits to /app/output/job_0/mastDownload/TESS/tess2020324010417-s0032-0000000255560319-0200-s/tess2020324010417-s0032-0000000255560319-0200-s_lc.fits ...
2025-10-05 23:50:06,748 - [Done]
2025-10-05 23:50:09,724 - Downloading URL s3://stpubdata/tess/public/tid/s0033/0000/0002/5556/0319/tess2020351194500-s0033-0000000255560319-0203-s_lc.fits to /app/output/job_0/mastDownload/TESS/tess2020351194500-s0033-0000000255560319-0203-s/tess2020351194500-s0033-0000000255560319-0203-s_lc.fits ...
2025-10-05 23:50:10,321 - [Done]
2025-10-05 23:50:13,250 - Downloading URL s3://stpubdata/tess/public/tid/s0034/0000/0002/5556/0319/tess2021014023720-s0034-0000000255560319-0204-s_lc.fits to /app/output/job_0/mastDownload/TESS/tess2021014023720-s0034-0000000255560319-0204-s/tess2021014023720-s0034-0000000255560319-0204-s_lc.fits ...
2025-10-05 23:50:13,856 - [Done]
2025-10-05 23:50:16,829 - Downloading URL s3://stpubdata/tess/public/tid/s0035/0000/0002/5556/0319/tess2021039152502-s0035-0000000255560319-0205-s_lc.fits to /app/output/job_0/mastDownload/TESS/tess2021039152502-s0035-0000000255560319-0205-s/tess2021039152502-s0035-0000000255560319-0205-s_lc.fits ...
2025-10-05 23:50:17,446 - [Done]
2025-10-05 23:50:20,300 - Downloading URL s3://stpubdata/tess/public/tid/s0038/0000/0002/5556/0319/tess2021118034608-s0038-0000000255560319-0209-s_lc.fits to /app/output/job_0/mastDownload/TESS/tess2021118034608-s0038-0000000255560319-0209-s/tess2021118034608-s0038-0000000255560319-0209-s_lc.fits ...
2025-10-05 23:50:20,778 - [Done]
2025-10-05 23:50:23,713 - Downloading URL s3://stpubdata/tess/public/tid/s0039/0000/0002/5556/0319/tess2021146024351-s0039-0000000255560319-0210-s_lc.fits to /app/output/job_0/mastDownload/TESS/tess2021146024351-s0039-0000000255560319-0210-s/tess2021146024351-s0039-0000000255560319-0210-s_lc.fits ...
2025-10-05 23:50:24,322 - [Done]
2025-10-05 23:50:24,330 - Finished downloading light curve and DV XML data for TIC 255560319 in sector run 1-39 (2min data)...
2025-10-05 23:50:24,332 - Downloading light curve and DV XML data for TIC 177077336 in sector run 1-39 (2min data)...
2025-10-05 23:50:34,896 - Downloading URL s3://stpubdata/tess/public/tid/s0039/0000/0001/7707/7336/tess2018206190142-s0001-s0039-0000000177077336-00493_dvr.xml to /app/output/job_0/mastDownload/TESS/tess2018206190142-s0001-s0039-0000000177077336/tess2018206190142-s0001-s0039-0000000177077336-00493_dvr.xml ...
2025-10-05 23:50:35,511 - [Done]
2025-10-05 23:50:39,970 - Downloading URL s3://stpubdata/tess/public/tid/s0002/0000/0001/7707/7336/tess2018234235059-s0002-0000000177077336-0121-s_lc.fits to /app/output/job_0/mastDownload/TESS/tess2018234235059-s0002-0000000177077336-0121-s/tess2018234235059-s0002-0000000177077336-0121-s_lc.fits ...
2025-10-05 23:50:40,610 - [Done]
2025-10-05 23:50:43,532 - Downloading URL s3://stpubdata/tess/public/tid/s0003/0000/0001/7707/7336/tess2018263035959-s0003-0000000177077336-0123-s_lc.fits to /app/output/job_0/mastDownload/TESS/tess2018263035959-s0003-0000000177077336-0123-s/tess2018263035959-s0003-0000000177077336-0123-s_lc.fits ...
2025-10-05 23:50:44,155 - [Done]
2025-10-05 23:50:47,113 - Downloading URL s3://stpubdata/tess/public/tid/s0004/0000/0001/7707/7336/tess2018292075959-s0004-0000000177077336-0124-s_lc.fits to /app/output/job_0/mastDownload/TESS/tess2018292075959-s0004-0000000177077336-0124-s/tess2018292075959-s0004-0000000177077336-0124-s_lc.fits ...
2025-10-05 23:50:47,751 - [Done]
2025-10-05 23:50:50,668 - Downloading URL s3://stpubdata/tess/public/tid/s0005/0000/0001/7707/7336/tess2018319095959-s0005-0000000177077336-0125-s_lc.fits to /app/output/job_0/mastDownload/TESS/tess2018319095959-s0005-0000000177077336-0125-s/tess2018319095959-s0005-0000000177077336-0125-s_lc.fits ...
2025-10-05 23:50:51,141 - [Done]
2025-10-05 23:50:54,094 - Downloading URL s3://stpubdata/tess/public/tid/s0006/0000/0001/7707/7336/tess2018349182500-s0006-0000000177077336-0126-s_lc.fits to /app/output/job_0/mastDownload/TESS/tess2018349182500-s0006-0000000177077336-0126-s/tess2018349182500-s0006-0000000177077336-0126-s_lc.fits ...
2025-10-05 23:50:54,739 - [Done]
2025-10-05 23:50:57,661 - Downloading URL s3://stpubdata/tess/public/tid/s0007/0000/0001/7707/7336/tess2019006130736-s0007-0000000177077336-0131-s_lc.fits to /app/output/job_0/mastDownload/TESS/tess2019006130736-s0007-0000000177077336-0131-s/tess2019006130736-s0007-0000000177077336-0131-s_lc.fits ...
2025-10-05 23:50:58,283 - [Done]
2025-10-05 23:51:01,228 - Downloading URL s3://stpubdata/tess/public/tid/s0008/0000/0001/7707/7336/tess2019032160000-s0008-0000000177077336-0136-s_lc.fits to /app/output/job_0/mastDownload/TESS/tess2019032160000-s0008-0000000177077336-0136-s/tess2019032160000-s0008-0000000177077336-0136-s_lc.fits ...
2025-10-05 23:51:01,819 - [Done]
2025-10-05 23:51:04,706 - Downloading URL s3://stpubdata/tess/public/tid/s0009/0000/0001/7707/7336/tess2019058134432-s0009-0000000177077336-0139-s_lc.fits to /app/output/job_0/mastDownload/TESS/tess2019058134432-s0009-0000000177077336-0139-s/tess2019058134432-s0009-0000000177077336-0139-s_lc.fits ...
2025-10-05 23:51:05,189 - [Done]
2025-10-05 23:51:08,125 - Downloading URL s3://stpubdata/tess/public/tid/s0010/0000/0001/7707/7336/tess2019085135100-s0010-0000000177077336-0140-s_lc.fits to /app/output/job_0/mastDownload/TESS/tess2019085135100-s0010-0000000177077336-0140-s/tess2019085135100-s0010-0000000177077336-0140-s_lc.fits ...
2025-10-05 23:51:08,725 - [Done]
2025-10-05 23:51:11,624 - Downloading URL s3://stpubdata/tess/public/tid/s0012/0000/0001/7707/7336/tess2019140104343-s0012-0000000177077336-0144-s_lc.fits to /app/output/job_0/mastDownload/TESS/tess2019140104343-s0012-0000000177077336-0144-s/tess2019140104343-s0012-0000000177077336-0144-s_lc.fits ...
2025-10-05 23:51:12,258 - [Done]
2025-10-05 23:51:15,204 - Downloading URL s3://stpubdata/tess/public/tid/s0013/0000/0001/7707/7336/tess2019169103026-s0013-0000000177077336-0146-s_lc.fits to /app/output/job_0/mastDownload/TESS/tess2019169103026-s0013-0000000177077336-0146-s/tess2019169103026-s0013-0000000177077336-0146-s_lc.fits ...
2025-10-05 23:51:15,699 - [Done]
2025-10-05 23:51:18,627 - Downloading URL s3://stpubdata/tess/public/tid/s0027/0000/0001/7707/7336/tess2020186164531-s0027-0000000177077336-0189-s_lc.fits to /app/output/job_0/mastDownload/TESS/tess2020186164531-s0027-0000000177077336-0189-s/tess2020186164531-s0027-0000000177077336-0189-s_lc.fits ...
2025-10-05 23:51:19,235 - [Done]
2025-10-05 23:51:22,198 - Downloading URL s3://stpubdata/tess/public/tid/s0028/0000/0001/7707/7336/tess2020212050318-s0028-0000000177077336-0190-s_lc.fits to /app/output/job_0/mastDownload/TESS/tess2020212050318-s0028-0000000177077336-0190-s/tess2020212050318-s0028-0000000177077336-0190-s_lc.fits ...
2025-10-05 23:51:22,824 - [Done]
2025-10-05 23:51:25,779 - Downloading URL s3://stpubdata/tess/public/tid/s0029/0000/0001/7707/7336/tess2020238165205-s0029-0000000177077336-0193-s_lc.fits to /app/output/job_0/mastDownload/TESS/tess2020238165205-s0029-0000000177077336-0193-s/tess2020238165205-s0029-0000000177077336-0193-s_lc.fits ...
2025-10-05 23:51:26,411 - [Done]
2025-10-05 23:51:29,345 - Downloading URL s3://stpubdata/tess/public/tid/s0030/0000/0001/7707/7336/tess2020266004630-s0030-0000000177077336-0195-s_lc.fits to /app/output/job_0/mastDownload/TESS/tess2020266004630-s0030-0000000177077336-0195-s/tess2020266004630-s0030-0000000177077336-0195-s_lc.fits ...
2025-10-05 23:51:29,961 - [Done]
2025-10-05 23:51:32,873 - Downloading URL s3://stpubdata/tess/public/tid/s0031/0000/0001/7707/7336/tess2020294194027-s0031-0000000177077336-0198-s_lc.fits to /app/output/job_0/mastDownload/TESS/tess2020294194027-s0031-0000000177077336-0198-s/tess2020294194027-s0031-0000000177077336-0198-s_lc.fits ...
2025-10-05 23:51:33,487 - [Done]
2025-10-05 23:51:36,391 - Downloading URL s3://stpubdata/tess/public/tid/s0032/0000/0001/7707/7336/tess2020324010417-s0032-0000000177077336-0200-s_lc.fits to /app/output/job_0/mastDownload/TESS/tess2020324010417-s0032-0000000177077336-0200-s/tess2020324010417-s0032-0000000177077336-0200-s_lc.fits ...
2025-10-05 23:51:37,138 - [Done]
2025-10-05 23:51:40,020 - Downloading URL s3://stpubdata/tess/public/tid/s0033/0000/0001/7707/7336/tess2020351194500-s0033-0000000177077336-0203-s_lc.fits to /app/output/job_0/mastDownload/TESS/tess2020351194500-s0033-0000000177077336-0203-s/tess2020351194500-s0033-0000000177077336-0203-s_lc.fits ...
2025-10-05 23:51:40,618 - [Done]
2025-10-05 23:51:43,553 - Downloading URL s3://stpubdata/tess/public/tid/s0034/0000/0001/7707/7336/tess2021014023720-s0034-0000000177077336-0204-s_lc.fits to /app/output/job_0/mastDownload/TESS/tess2021014023720-s0034-0000000177077336-0204-s/tess2021014023720-s0034-0000000177077336-0204-s_lc.fits ...
2025-10-05 23:51:44,025 - [Done]
2025-10-05 23:51:46,899 - Downloading URL s3://stpubdata/tess/public/tid/s0035/0000/0001/7707/7336/tess2021039152502-s0035-0000000177077336-0205-s_lc.fits to /app/output/job_0/mastDownload/TESS/tess2021039152502-s0035-0000000177077336-0205-s/tess2021039152502-s0035-0000000177077336-0205-s_lc.fits ...
2025-10-05 23:51:47,366 - [Done]
2025-10-05 23:51:50,306 - Downloading URL s3://stpubdata/tess/public/tid/s0036/0000/0001/7707/7336/tess2021065132309-s0036-0000000177077336-0207-s_lc.fits to /app/output/job_0/mastDownload/TESS/tess2021065132309-s0036-0000000177077336-0207-s/tess2021065132309-s0036-0000000177077336-0207-s_lc.fits ...
2025-10-05 23:51:50,922 - [Done]
2025-10-05 23:51:53,828 - Downloading URL s3://stpubdata/tess/public/tid/s0037/0000/0001/7707/7336/tess2021091135823-s0037-0000000177077336-0208-s_lc.fits to /app/output/job_0/mastDownload/TESS/tess2021091135823-s0037-0000000177077336-0208-s/tess2021091135823-s0037-0000000177077336-0208-s_lc.fits ...
2025-10-05 23:51:54,428 - [Done]
2025-10-05 23:51:57,386 - Downloading URL s3://stpubdata/tess/public/tid/s0038/0000/0001/7707/7336/tess2021118034608-s0038-0000000177077336-0209-s_lc.fits to /app/output/job_0/mastDownload/TESS/tess2021118034608-s0038-0000000177077336-0209-s/tess2021118034608-s0038-0000000177077336-0209-s_lc.fits ...
2025-10-05 23:51:57,989 - [Done]
2025-10-05 23:52:01,247 - Downloading URL s3://stpubdata/tess/public/tid/s0039/0000/0001/7707/7336/tess2021146024351-s0039-0000000177077336-0210-s_lc.fits to /app/output/job_0/mastDownload/TESS/tess2021146024351-s0039-0000000177077336-0210-s/tess2021146024351-s0039-0000000177077336-0210-s_lc.fits ...
2025-10-05 23:52:01,859 - [Done]
2025-10-05 23:52:01,874 - Finished downloading light curve and DV XML data for TIC 177077336 in sector run 1-39 (2min data)...
2025-10-05 23:52:01,874 - Downloading light curve and DV XML data for TIC 29953537 in sector run 1-39 (2min data)...
2025-10-05 23:52:11,458 - TESS SPOC DV XML file found was not found for TIC 29953537 in sector run 1-39 for 2min data. Skipping...
2025-10-05 23:52:11,458 - Downloading light curve and DV XML data for TIC 374829238 in sector run 1-39 (2min data)...
2025-10-05 23:52:21,948 - Downloading URL s3://stpubdata/tess/public/tid/s0039/0000/0003/7482/9238/tess2018206190142-s0001-s0039-0000000374829238-00493_dvr.xml to /app/output/job_0/mastDownload/TESS/tess2018206190142-s0001-s0039-0000000374829238/tess2018206190142-s0001-s0039-0000000374829238-00493_dvr.xml ...
2025-10-05 23:52:22,411 - [Done]
2025-10-05 23:52:25,273 - Downloading URL s3://stpubdata/tess/public/tid/s0002/0000/0003/7482/9238/tess2018234235059-s0002-0000000374829238-0121-s_lc.fits to /app/output/job_0/mastDownload/TESS/tess2018234235059-s0002-0000000374829238-0121-s/tess2018234235059-s0002-0000000374829238-0121-s_lc.fits ...
2025-10-05 23:52:25,889 - [Done]
2025-10-05 23:52:28,804 - Downloading URL s3://stpubdata/tess/public/tid/s0003/0000/0003/7482/9238/tess2018263035959-s0003-0000000374829238-0123-s_lc.fits to /app/output/job_0/mastDownload/TESS/tess2018263035959-s0003-0000000374829238-0123-s/tess2018263035959-s0003-0000000374829238-0123-s_lc.fits ...
2025-10-05 23:52:29,278 - [Done]
2025-10-05 23:52:32,159 - Downloading URL s3://stpubdata/tess/public/tid/s0006/0000/0003/7482/9238/tess2018349182500-s0006-0000000374829238-0126-s_lc.fits to /app/output/job_0/mastDownload/TESS/tess2018349182500-s0006-0000000374829238-0126-s/tess2018349182500-s0006-0000000374829238-0126-s_lc.fits ...
2025-10-05 23:52:32,775 - [Done]
2025-10-05 23:52:35,719 - Downloading URL s3://stpubdata/tess/public/tid/s0007/0000/0003/7482/9238/tess2019006130736-s0007-0000000374829238-0131-s_lc.fits to /app/output/job_0/mastDownload/TESS/tess2019006130736-s0007-0000000374829238-0131-s/tess2019006130736-s0007-0000000374829238-0131-s_lc.fits ...
2025-10-05 23:52:36,333 - [Done]
2025-10-05 23:52:39,282 - Downloading URL s3://stpubdata/tess/public/tid/s0009/0000/0003/7482/9238/tess2019058134432-s0009-0000000374829238-0139-s_lc.fits to /app/output/job_0/mastDownload/TESS/tess2019058134432-s0009-0000000374829238-0139-s/tess2019058134432-s0009-0000000374829238-0139-s_lc.fits ...
2025-10-05 23:52:39,887 - [Done]
2025-10-05 23:52:42,803 - Downloading URL s3://stpubdata/tess/public/tid/s0010/0000/0003/7482/9238/tess2019085135100-s0010-0000000374829238-0140-s_lc.fits to /app/output/job_0/mastDownload/TESS/tess2019085135100-s0010-0000000374829238-0140-s/tess2019085135100-s0010-0000000374829238-0140-s_lc.fits ...
2025-10-05 23:52:43,427 - [Done]
2025-10-05 23:52:46,348 - Downloading URL s3://stpubdata/tess/public/tid/s0012/0000/0003/7482/9238/tess2019140104343-s0012-0000000374829238-0144-s_lc.fits to /app/output/job_0/mastDownload/TESS/tess2019140104343-s0012-0000000374829238-0144-s/tess2019140104343-s0012-0000000374829238-0144-s_lc.fits ...
2025-10-05 23:52:46,960 - [Done]
2025-10-05 23:52:49,944 - Downloading URL s3://stpubdata/tess/public/tid/s0013/0000/0003/7482/9238/tess2019169103026-s0013-0000000374829238-0146-s_lc.fits to /app/output/job_0/mastDownload/TESS/tess2019169103026-s0013-0000000374829238-0146-s/tess2019169103026-s0013-0000000374829238-0146-s_lc.fits ...
2025-10-05 23:52:50,559 - [Done]
2025-10-05 23:52:53,532 - Downloading URL s3://stpubdata/tess/public/tid/s0027/0000/0003/7482/9238/tess2020186164531-s0027-0000000374829238-0189-s_lc.fits to /app/output/job_0/mastDownload/TESS/tess2020186164531-s0027-0000000374829238-0189-s/tess2020186164531-s0027-0000000374829238-0189-s_lc.fits ...
2025-10-05 23:52:54,006 - [Done]
2025-10-05 23:52:56,960 - Downloading URL s3://stpubdata/tess/public/tid/s0029/0000/0003/7482/9238/tess2020238165205-s0029-0000000374829238-0193-s_lc.fits to /app/output/job_0/mastDownload/TESS/tess2020238165205-s0029-0000000374829238-0193-s/tess2020238165205-s0029-0000000374829238-0193-s_lc.fits ...
2025-10-05 23:52:57,582 - [Done]
2025-10-05 23:53:00,471 - Downloading URL s3://stpubdata/tess/public/tid/s0030/0000/0003/7482/9238/tess2020266004630-s0030-0000000374829238-0195-s_lc.fits to /app/output/job_0/mastDownload/TESS/tess2020266004630-s0030-0000000374829238-0195-s/tess2020266004630-s0030-0000000374829238-0195-s_lc.fits ...
2025-10-05 23:53:01,104 - [Done]
2025-10-05 23:53:04,070 - Downloading URL s3://stpubdata/tess/public/tid/s0033/0000/0003/7482/9238/tess2020351194500-s0033-0000000374829238-0203-s_lc.fits to /app/output/job_0/mastDownload/TESS/tess2020351194500-s0033-0000000374829238-0203-s/tess2020351194500-s0033-0000000374829238-0203-s_lc.fits ...
2025-10-05 23:53:04,545 - [Done]
2025-10-05 23:53:07,489 - Downloading URL s3://stpubdata/tess/public/tid/s0034/0000/0003/7482/9238/tess2021014023720-s0034-0000000374829238-0204-s_lc.fits to /app/output/job_0/mastDownload/TESS/tess2021014023720-s0034-0000000374829238-0204-s/tess2021014023720-s0034-0000000374829238-0204-s_lc.fits ...
2025-10-05 23:53:08,096 - [Done]
2025-10-05 23:53:11,079 - Downloading URL s3://stpubdata/tess/public/tid/s0036/0000/0003/7482/9238/tess2021065132309-s0036-0000000374829238-0207-s_lc.fits to /app/output/job_0/mastDownload/TESS/tess2021065132309-s0036-0000000374829238-0207-s/tess2021065132309-s0036-0000000374829238-0207-s_lc.fits ...
2025-10-05 23:53:11,678 - [Done]
2025-10-05 23:53:14,555 - Downloading URL s3://stpubdata/tess/public/tid/s0037/0000/0003/7482/9238/tess2021091135823-s0037-0000000374829238-0208-s_lc.fits to /app/output/job_0/mastDownload/TESS/tess2021091135823-s0037-0000000374829238-0208-s/tess2021091135823-s0037-0000000374829238-0208-s_lc.fits ...
2025-10-05 23:53:15,184 - [Done]
2025-10-05 23:53:18,407 - Downloading URL s3://stpubdata/tess/public/tid/s0039/0000/0003/7482/9238/tess2021146024351-s0039-0000000374829238-0210-s_lc.fits to /app/output/job_0/mastDownload/TESS/tess2021146024351-s0039-0000000374829238-0210-s/tess2021146024351-s0039-0000000374829238-0210-s_lc.fits ...
2025-10-05 23:53:19,025 - [Done]
2025-10-05 23:53:19,038 - Finished downloading light curve and DV XML data for TIC 374829238 in sector run 1-39 (2min data)...
2025-10-05 23:53:19,039 - Downloading light curve and DV XML data for TIC 337217173 in sector run 1-39 (2min data)...
2025-10-05 23:53:27,461 - TESS SPOC DV XML file found was not found for TIC 337217173 in sector run 1-39 for 2min data. Skipping...
2025-10-05 23:53:27,462 - Downloading light curve and DV XML data for TIC 219345200 in sector run 1-39 (2min data)...
2025-10-05 23:53:33,821 - TESS SPOC DV XML file found was not found for TIC 219345200 in sector run 1-39 for 2min data. Skipping...
2025-10-05 23:53:33,821 - Downloading light curve and DV XML data for TIC 167342439 in sector run 1-39 (2min data)...
2025-10-05 23:53:44,720 - Downloading URL s3://stpubdata/tess/public/tid/s0001/0000/0001/6734/2439/tess2018206045859-s0001-0000000167342439-0120-s_lc.fits to /app/output/job_0/mastDownload/TESS/tess2018206045859-s0001-0000000167342439-0120-s/tess2018206045859-s0001-0000000167342439-0120-s_lc.fits ...
2025-10-05 23:53:45,334 - [Done]
2025-10-05 23:53:48,225 - Downloading URL s3://stpubdata/tess/public/tid/s0039/0000/0001/6734/2439/tess2018206190142-s0001-s0039-0000000167342439-00493_dvr.xml to /app/output/job_0/mastDownload/TESS/tess2018206190142-s0001-s0039-0000000167342439/tess2018206190142-s0001-s0039-0000000167342439-00493_dvr.xml ...
2025-10-05 23:53:48,838 - [Done]
2025-10-05 23:53:51,813 - Downloading URL s3://stpubdata/tess/public/tid/s0002/0000/0001/6734/2439/tess2018234235059-s0002-0000000167342439-0121-s_lc.fits to /app/output/job_0/mastDownload/TESS/tess2018234235059-s0002-0000000167342439-0121-s/tess2018234235059-s0002-0000000167342439-0121-s_lc.fits ...
2025-10-05 23:53:52,432 - [Done]
2025-10-05 23:53:55,337 - Downloading URL s3://stpubdata/tess/public/tid/s0003/0000/0001/6734/2439/tess2018263035959-s0003-0000000167342439-0123-s_lc.fits to /app/output/job_0/mastDownload/TESS/tess2018263035959-s0003-0000000167342439-0123-s/tess2018263035959-s0003-0000000167342439-0123-s_lc.fits ...
2025-10-05 23:53:55,987 - [Done]
2025-10-05 23:53:58,958 - Downloading URL s3://stpubdata/tess/public/tid/s0004/0000/0001/6734/2439/tess2018292075959-s0004-0000000167342439-0124-s_lc.fits to /app/output/job_0/mastDownload/TESS/tess2018292075959-s0004-0000000167342439-0124-s/tess2018292075959-s0004-0000000167342439-0124-s_lc.fits ...
2025-10-05 23:53:59,583 - [Done]
2025-10-05 23:54:02,561 - Downloading URL s3://stpubdata/tess/public/tid/s0005/0000/0001/6734/2439/tess2018319095959-s0005-0000000167342439-0125-s_lc.fits to /app/output/job_0/mastDownload/TESS/tess2018319095959-s0005-0000000167342439-0125-s/tess2018319095959-s0005-0000000167342439-0125-s_lc.fits ...
2025-10-05 23:54:03,178 - [Done]
2025-10-05 23:54:06,178 - Downloading URL s3://stpubdata/tess/public/tid/s0006/0000/0001/6734/2439/tess2018349182500-s0006-0000000167342439-0126-s_lc.fits to /app/output/job_0/mastDownload/TESS/tess2018349182500-s0006-0000000167342439-0126-s/tess2018349182500-s0006-0000000167342439-0126-s_lc.fits ...
2025-10-05 23:54:06,764 - [Done]
2025-10-05 23:54:09,698 - Downloading URL s3://stpubdata/tess/public/tid/s0007/0000/0001/6734/2439/tess2019006130736-s0007-0000000167342439-0131-s_lc.fits to /app/output/job_0/mastDownload/TESS/tess2019006130736-s0007-0000000167342439-0131-s/tess2019006130736-s0007-0000000167342439-0131-s_lc.fits ...
2025-10-05 23:54:10,315 - [Done]
2025-10-05 23:54:13,281 - Downloading URL s3://stpubdata/tess/public/tid/s0008/0000/0001/6734/2439/tess2019032160000-s0008-0000000167342439-0136-s_lc.fits to /app/output/job_0/mastDownload/TESS/tess2019032160000-s0008-0000000167342439-0136-s/tess2019032160000-s0008-0000000167342439-0136-s_lc.fits ...
2025-10-05 23:54:13,905 - [Done]
2025-10-05 23:54:16,817 - Downloading URL s3://stpubdata/tess/public/tid/s0009/0000/0001/6734/2439/tess2019058134432-s0009-0000000167342439-0139-s_lc.fits to /app/output/job_0/mastDownload/TESS/tess2019058134432-s0009-0000000167342439-0139-s/tess2019058134432-s0009-0000000167342439-0139-s_lc.fits ...
2025-10-05 23:54:17,445 - [Done]
2025-10-05 23:54:20,352 - Downloading URL s3://stpubdata/tess/public/tid/s0011/0000/0001/6734/2439/tess2019112060037-s0011-0000000167342439-0143-s_lc.fits to /app/output/job_0/mastDownload/TESS/tess2019112060037-s0011-0000000167342439-0143-s/tess2019112060037-s0011-0000000167342439-0143-s_lc.fits ...
2025-10-05 23:54:20,842 - [Done]
2025-10-05 23:54:23,766 - Downloading URL s3://stpubdata/tess/public/tid/s0012/0000/0001/6734/2439/tess2019140104343-s0012-0000000167342439-0144-s_lc.fits to /app/output/job_0/mastDownload/TESS/tess2019140104343-s0012-0000000167342439-0144-s/tess2019140104343-s0012-0000000167342439-0144-s_lc.fits ...
2025-10-05 23:54:24,536 - [Done]
2025-10-05 23:54:27,546 - Downloading URL s3://stpubdata/tess/public/tid/s0013/0000/0001/6734/2439/tess2019169103026-s0013-0000000167342439-0146-s_lc.fits to /app/output/job_0/mastDownload/TESS/tess2019169103026-s0013-0000000167342439-0146-s/tess2019169103026-s0013-0000000167342439-0146-s_lc.fits ...
2025-10-05 23:54:28,173 - [Done]
2025-10-05 23:54:31,157 - Downloading URL s3://stpubdata/tess/public/tid/s0028/0000/0001/6734/2439/tess2020212050318-s0028-0000000167342439-0190-s_lc.fits to /app/output/job_0/mastDownload/TESS/tess2020212050318-s0028-0000000167342439-0190-s/tess2020212050318-s0028-0000000167342439-0190-s_lc.fits ...
2025-10-05 23:54:31,646 - [Done]
2025-10-05 23:54:34,602 - Downloading URL s3://stpubdata/tess/public/tid/s0029/0000/0001/6734/2439/tess2020238165205-s0029-0000000167342439-0193-s_lc.fits to /app/output/job_0/mastDownload/TESS/tess2020238165205-s0029-0000000167342439-0193-s/tess2020238165205-s0029-0000000167342439-0193-s_lc.fits ...
2025-10-05 23:54:35,084 - [Done]
2025-10-05 23:54:37,984 - Downloading URL s3://stpubdata/tess/public/tid/s0030/0000/0001/6734/2439/tess2020266004630-s0030-0000000167342439-0195-s_lc.fits to /app/output/job_0/mastDownload/TESS/tess2020266004630-s0030-0000000167342439-0195-s/tess2020266004630-s0030-0000000167342439-0195-s_lc.fits ...
2025-10-05 23:54:38,611 - [Done]
2025-10-05 23:54:41,604 - Downloading URL s3://stpubdata/tess/public/tid/s0031/0000/0001/6734/2439/tess2020294194027-s0031-0000000167342439-0198-s_lc.fits to /app/output/job_0/mastDownload/TESS/tess2020294194027-s0031-0000000167342439-0198-s/tess2020294194027-s0031-0000000167342439-0198-s_lc.fits ...
2025-10-05 23:54:42,223 - [Done]
2025-10-05 23:54:45,131 - Downloading URL s3://stpubdata/tess/public/tid/s0032/0000/0001/6734/2439/tess2020324010417-s0032-0000000167342439-0200-s_lc.fits to /app/output/job_0/mastDownload/TESS/tess2020324010417-s0032-0000000167342439-0200-s/tess2020324010417-s0032-0000000167342439-0200-s_lc.fits ...
2025-10-05 23:54:45,777 - [Done]
2025-10-05 23:54:48,721 - Downloading URL s3://stpubdata/tess/public/tid/s0033/0000/0001/6734/2439/tess2020351194500-s0033-0000000167342439-0203-s_lc.fits to /app/output/job_0/mastDownload/TESS/tess2020351194500-s0033-0000000167342439-0203-s/tess2020351194500-s0033-0000000167342439-0203-s_lc.fits ...
2025-10-05 23:54:49,352 - [Done]
2025-10-05 23:54:52,241 - Downloading URL s3://stpubdata/tess/public/tid/s0034/0000/0001/6734/2439/tess2021014023720-s0034-0000000167342439-0204-s_lc.fits to /app/output/job_0/mastDownload/TESS/tess2021014023720-s0034-0000000167342439-0204-s/tess2021014023720-s0034-0000000167342439-0204-s_lc.fits ...
2025-10-05 23:54:52,862 - [Done]
2025-10-05 23:54:55,777 - Downloading URL s3://stpubdata/tess/public/tid/s0035/0000/0001/6734/2439/tess2021039152502-s0035-0000000167342439-0205-s_lc.fits to /app/output/job_0/mastDownload/TESS/tess2021039152502-s0035-0000000167342439-0205-s/tess2021039152502-s0035-0000000167342439-0205-s_lc.fits ...
2025-10-05 23:54:56,374 - [Done]
2025-10-05 23:54:59,480 - Downloading URL s3://stpubdata/tess/public/tid/s0036/0000/0001/6734/2439/tess2021065132309-s0036-0000000167342439-0207-s_lc.fits to /app/output/job_0/mastDownload/TESS/tess2021065132309-s0036-0000000167342439-0207-s/tess2021065132309-s0036-0000000167342439-0207-s_lc.fits ...
2025-10-05 23:55:00,091 - [Done]
2025-10-05 23:55:02,968 - Downloading URL s3://stpubdata/tess/public/tid/s0038/0000/0001/6734/2439/tess2021118034608-s0038-0000000167342439-0209-s_lc.fits to /app/output/job_0/mastDownload/TESS/tess2021118034608-s0038-0000000167342439-0209-s/tess2021118034608-s0038-0000000167342439-0209-s_lc.fits ...
2025-10-05 23:55:03,592 - [Done]
2025-10-05 23:55:06,508 - Downloading URL s3://stpubdata/tess/public/tid/s0039/0000/0001/6734/2439/tess2021146024351-s0039-0000000167342439-0210-s_lc.fits to /app/output/job_0/mastDownload/TESS/tess2021146024351-s0039-0000000167342439-0210-s/tess2021146024351-s0039-0000000167342439-0210-s_lc.fits ...
2025-10-05 23:55:07,133 - [Done]
2025-10-05 23:55:07,144 - Finished downloading light curve and DV XML data for TIC 167342439 in sector run 1-39 (2min data)...
2025-10-05 23:55:07,145 - Downloading light curve and DV XML data for TIC 149301575 in sector run 1-39 (2min data)...
2025-10-05 23:55:15,149 - TESS SPOC DV XML file found was not found for TIC 149301575 in sector run 1-39 for 2min data. Skipping...
2025-10-05 23:55:15,149 - Downloading light curve and DV XML data for TIC 276922692 in sector run 1-39 (2min data)...
2025-10-05 23:55:15,436 - No observations found for TIC 276922692. Skipping...
2025-10-05 23:55:15,437 - Downloading light curve and DV XML data for TIC 111991770 in sector run 1-39 (2min data)...
2025-10-05 23:55:21,125 - TESS SPOC DV XML file found was not found for TIC 111991770 in sector run 1-39 for 2min data. Skipping...
2025-10-05 23:55:21,126 - Downloading light curve and DV XML data for TIC 396720998 in sector run 1-39 (2min data)...
2025-10-05 23:55:30,029 - TESS SPOC DV XML file found was not found for TIC 396720998 in sector run 1-39 for 2min data. Skipping...
2025-10-05 23:55:30,029 - Downloading light curve and DV XML data for TIC 270494650 in sector run 1-39 (2min data)...
2025-10-05 23:55:37,319 - No TESS SPOC light curve files found for TIC 270494650 in 2min data. Skipping...
2025-10-05 23:55:37,320 - Downloading light curve and DV XML data for TIC 160075684 in sector run 1-39 (2min data)...
2025-10-05 23:55:46,149 - TESS SPOC DV XML file found was not found for TIC 160075684 in sector run 1-39 for 2min data. Skipping...
2025-10-05 23:55:46,150 - Downloading light curve and DV XML data for TIC 140893722 in sector run 1-39 (2min data)...
2025-10-05 23:55:56,094 - TESS SPOC DV XML file found was not found for TIC 140893722 in sector run 1-39 for 2min data. Skipping...
2025-10-05 23:55:56,095 - Downloading light curve and DV XML data for TIC 219195044 in sector run 1-39 (2min data)...
2025-10-05 23:56:09,551 - Downloading URL s3://stpubdata/tess/public/tid/s0039/0000/0002/1919/5044/tess2018206190142-s0001-s0039-0000000219195044-00493_dvr.xml to /app/output/job_0/mastDownload/TESS/tess2018206190142-s0001-s0039-0000000219195044/tess2018206190142-s0001-s0039-0000000219195044-00493_dvr.xml ...
2025-10-05 23:56:10,184 - [Done]
2025-10-05 23:56:13,012 - Downloading URL s3://stpubdata/tess/public/tid/s0004/0000/0002/1919/5044/tess2018292075959-s0004-0000000219195044-0124-s_lc.fits to /app/output/job_0/mastDownload/TESS/tess2018292075959-s0004-0000000219195044-0124-s/tess2018292075959-s0004-0000000219195044-0124-s_lc.fits ...
2025-10-05 23:56:13,634 - [Done]
2025-10-05 23:56:16,594 - Downloading URL s3://stpubdata/tess/public/tid/s0005/0000/0002/1919/5044/tess2018319095959-s0005-0000000219195044-0125-s_lc.fits to /app/output/job_0/mastDownload/TESS/tess2018319095959-s0005-0000000219195044-0125-s/tess2018319095959-s0005-0000000219195044-0125-s_lc.fits ...
2025-10-05 23:56:17,076 - [Done]
2025-10-05 23:56:19,928 - Downloading URL s3://stpubdata/tess/public/tid/s0006/0000/0002/1919/5044/tess2018349182500-s0006-0000000219195044-0126-s_lc.fits to /app/output/job_0/mastDownload/TESS/tess2018349182500-s0006-0000000219195044-0126-s/tess2018349182500-s0006-0000000219195044-0126-s_lc.fits ...
2025-10-05 23:56:20,407 - [Done]
2025-10-05 23:56:23,267 - Downloading URL s3://stpubdata/tess/public/tid/s0007/0000/0002/1919/5044/tess2019006130736-s0007-0000000219195044-0131-s_lc.fits to /app/output/job_0/mastDownload/TESS/tess2019006130736-s0007-0000000219195044-0131-s/tess2019006130736-s0007-0000000219195044-0131-s_lc.fits ...
2025-10-05 23:56:23,894 - [Done]
2025-10-05 23:56:26,773 - Downloading URL s3://stpubdata/tess/public/tid/s0008/0000/0002/1919/5044/tess2019032160000-s0008-0000000219195044-0136-s_lc.fits to /app/output/job_0/mastDownload/TESS/tess2019032160000-s0008-0000000219195044-0136-s/tess2019032160000-s0008-0000000219195044-0136-s_lc.fits ...
2025-10-05 23:56:27,384 - [Done]
2025-10-05 23:56:30,255 - Downloading URL s3://stpubdata/tess/public/tid/s0011/0000/0002/1919/5044/tess2019112060037-s0011-0000000219195044-0143-s_lc.fits to /app/output/job_0/mastDownload/TESS/tess2019112060037-s0011-0000000219195044-0143-s/tess2019112060037-s0011-0000000219195044-0143-s_lc.fits ...
2025-10-05 23:56:30,871 - [Done]
2025-10-05 23:56:33,730 - Downloading URL s3://stpubdata/tess/public/tid/s0012/0000/0002/1919/5044/tess2019140104343-s0012-0000000219195044-0144-s_lc.fits to /app/output/job_0/mastDownload/TESS/tess2019140104343-s0012-0000000219195044-0144-s/tess2019140104343-s0012-0000000219195044-0144-s_lc.fits ...
2025-10-05 23:56:34,205 - [Done]
2025-10-05 23:56:38,176 - Downloading URL s3://stpubdata/tess/public/tid/s0028/0000/0002/1919/5044/tess2020212050318-s0028-0000000219195044-0190-s_lc.fits to /app/output/job_0/mastDownload/TESS/tess2020212050318-s0028-0000000219195044-0190-s/tess2020212050318-s0028-0000000219195044-0190-s_lc.fits ...
2025-10-05 23:56:38,795 - [Done]
2025-10-05 23:56:41,667 - Downloading URL s3://stpubdata/tess/public/tid/s0031/0000/0002/1919/5044/tess2020294194027-s0031-0000000219195044-0198-s_lc.fits to /app/output/job_0/mastDownload/TESS/tess2020294194027-s0031-0000000219195044-0198-s/tess2020294194027-s0031-0000000219195044-0198-s_lc.fits ...
2025-10-05 23:56:42,289 - [Done]
2025-10-05 23:56:45,136 - Downloading URL s3://stpubdata/tess/public/tid/s0032/0000/0002/1919/5044/tess2020324010417-s0032-0000000219195044-0200-s_lc.fits to /app/output/job_0/mastDownload/TESS/tess2020324010417-s0032-0000000219195044-0200-s/tess2020324010417-s0032-0000000219195044-0200-s_lc.fits ...
2025-10-05 23:56:45,625 - [Done]
2025-10-05 23:56:48,520 - Downloading URL s3://stpubdata/tess/public/tid/s0033/0000/0002/1919/5044/tess2020351194500-s0033-0000000219195044-0203-s_lc.fits to /app/output/job_0/mastDownload/TESS/tess2020351194500-s0033-0000000219195044-0203-s/tess2020351194500-s0033-0000000219195044-0203-s_lc.fits ...
2025-10-05 23:56:49,140 - [Done]
2025-10-05 23:56:52,690 - Downloading URL s3://stpubdata/tess/public/tid/s0034/0000/0002/1919/5044/tess2021014023720-s0034-0000000219195044-0204-s_lc.fits to /app/output/job_0/mastDownload/TESS/tess2021014023720-s0034-0000000219195044-0204-s/tess2021014023720-s0034-0000000219195044-0204-s_lc.fits ...
2025-10-05 23:56:53,308 - [Done]
2025-10-05 23:56:56,261 - Downloading URL s3://stpubdata/tess/public/tid/s0035/0000/0002/1919/5044/tess2021039152502-s0035-0000000219195044-0205-s_lc.fits to /app/output/job_0/mastDownload/TESS/tess2021039152502-s0035-0000000219195044-0205-s/tess2021039152502-s0035-0000000219195044-0205-s_lc.fits ...
2025-10-05 23:56:56,928 - [Done]
2025-10-05 23:56:59,859 - Downloading URL s3://stpubdata/tess/public/tid/s0038/0000/0002/1919/5044/tess2021118034608-s0038-0000000219195044-0209-s_lc.fits to /app/output/job_0/mastDownload/TESS/tess2021118034608-s0038-0000000219195044-0209-s/tess2021118034608-s0038-0000000219195044-0209-s_lc.fits ...
2025-10-05 23:57:00,478 - [Done]
2025-10-05 23:57:00,487 - Finished downloading light curve and DV XML data for TIC 219195044 in sector run 1-39 (2min data)...
2025-10-05 23:57:00,488 - Downloading light curve and DV XML data for TIC 49524528 in sector run 1-39 (2min data)...
2025-10-05 23:57:00,743 - No observations found for TIC 49524528. Skipping...
2025-10-05 23:57:00,744 - Downloading light curve and DV XML data for TIC 314992600 in sector run 1-39 (2min data)...
2025-10-05 23:57:00,953 - No observations found for TIC 314992600. Skipping...
2025-10-05 23:57:00,954 - Downloading light curve and DV XML data for TIC 407126408 in sector run 1-39 (2min data)...
2025-10-05 23:57:10,282 - TESS SPOC DV XML file found was not found for TIC 407126408 in sector run 1-39 for 2min data. Skipping...
2025-10-05 23:57:10,283 - Downloading light curve and DV XML data for TIC 399871011 in sector run 1-39 (2min data)...
2025-10-05 23:57:21,622 - TESS SPOC DV XML file found was not found for TIC 399871011 in sector run 1-39 for 2min data. Skipping...
2025-10-05 23:57:21,703 - [0] Creating TESS SPOC TCE table from DV XML files downloaded for the requested TIC IDs...
2025-10-05 23:57:27,104 - Launched query: 'SELECT g.source_id, g.ruwe FROM gaiadr2.ruwe as g JOIN tap_upload.sourceids as f ON g.source_id = f.source_id'
2025-10-05 23:57:27,147 - ------>https
2025-10-05 23:57:27,157 - host = gea.esac.esa.int:443
2025-10-05 23:57:27,158 - context = /tap-server/tap/async
2025-10-05 23:57:27,158 - Content-type = multipart/form-data; boundary====1759708647148===
2025-10-05 23:57:28,429 - 303
2025-10-05 23:57:28,430 - 303
2025-10-05 23:57:28,430 - [('Date', 'Sun, 05 Oct 2025 23:57:28 GMT'), ('Server', 'Apache/2.4.6 (SLES Expanded Support platform 7) OpenSSL/1.0.2k-fips mod_jk/1.2.43'), ('Set-Cookie', 'JSESSIONID=DDF35F04560412A5116826575FB148AD; Path=/tap-server; Secure; HttpOnly'), ('Location', 'https://gea.esac.esa.int/tap-server/tap/async/1759708648780O'), ('Cache-Control', 'no-cache, no-store, max-age=0, must-revalidate'), ('Pragma', 'no-cache'), ('Expires', '0'), ('X-XSS-Protection', '1; mode=block'), ('X-Frame-Options', 'SAMEORIGIN'), ('X-Content-Type-Options', 'nosniff'), ('Transfer-Encoding', 'chunked'), ('Content-Type', 'text/plain;charset=ISO-8859-1')]
2025-10-05 23:57:28,432 - job 1759708648780O, at: https://gea.esac.esa.int/tap-server/tap/async/1759708648780O
2025-10-05 23:57:28,432 - Retrieving async. results...
2025-10-05 23:57:30,427 - INFO
2025-10-05 23:57:30,428 - : Query finished. [astroquery.utils.tap.core]
2025-10-05 23:57:30,482 - [0] Preprocessing light curve data for the requested TIC IDs...
2025-10-06 00:04:00,814 - Iterating over /app/output/job_0/tfrecord_data/shard-00000-of-00001-node-2 (1/1)...
2025-10-06 00:04:02,703 - [0] Extracting difference image data from the DV XML files for the requested TIC IDs...
2025-10-06 00:04:18,084 - [0] Preprocessing difference image data for the requested TIC IDs...
2025-10-06 00:04:18,367 - [0] Adding preprocessed difference image data to the TFRecord dataset for the requested TIC IDs...
2025-10-06 00:04:18,881 - [0] Normalizing features for the TCEs in the TFRecord dataset using set of normalization statistics provided...
2025-10-06 00:04:19,577 - [0] Running inference on TCEs in the TFRecord dataset using trained ExoMiner model...
2025-10-06 00:04:19,662 - Loading model...
2025-10-06 00:04:24,061 - Predicting on dataset predict...
2025-10-06 00:04:26,974 - 1/Unknown - 2s 2s/step
2025-10-06 00:04:27,125 - 1/1 [==============================] - 2s 2s/step
2025-10-06 00:04:27,137 - [0] Finished run for job 0 for 100 TIC IDs.
