2025-10-04 20:02:09 - Read TCE table with 3 examples.
2025-10-04 20:02:09 - Process shard 0 (1 total shards)
2025-10-04 20:02:09 - 0: Processing 3 TCEs (2 targets) in shard shard-00000-of-00001-node-2.
2025-10-04 20:02:09 - 0: Processing 2 TCEs for target 167526485-1-39 in shard shard-00000-of-00001-node-2 (0/3)...
2025-10-04 20:02:09 - [167526485-1-39] Reading light curve data for target 167526485-1-39.
2025-10-04 20:02:13 - [167526485-1-39] Using targets' RA and Dec coordinates from the TCE table.
2025-10-04 20:02:13 - [167526485-1-39] Finding transits for all detected TCEs in target.
2025-10-04 20:02:13 - [167526485-1-39] Preprocessing light curve data for target 167526485-1-39...
2025-10-04 20:02:25 - [167526485-1-39] SG detrending model flux data info. Chosen polynomial order: 2
2025-10-04 20:02:37 - [167526485-1-39] SG detrending model centroid x data info. Chosen polynomial order: 3
2025-10-04 20:02:50 - [167526485-1-39] SG detrending model centroid y data info. Chosen polynomial order: 3
2025-10-04 20:02:50 - [167526485-1-39] Finished preprocessing light curve data for target 167526485-1-39.
 Started preprocessing 2 TCEs...
2025-10-04 20:02:50 - Preprocessing TCE 167526485-1-S1-39 for target 167526485-1-39...
2025-10-04 20:02:50 - [167526485-1-S1-39] Computing periodogram data for TCE...
2025-10-04 20:02:54 - [167526485-1-S1-39] Phase-folding time series using TCE's orbital period found in TCE table...
2025-10-04 20:02:55 - [167526485-1-S1-39] Generating features for TCE based on preprocessed light curve data...
2025-10-04 20:03:00 - Finished preprocessed TCE 167526485-1-S1-39 for target 167526485-1-39. Status: True
2025-10-04 20:03:00 - Preprocessing TCE 167526485-2-S1-39 for target 167526485-1-39...
2025-10-04 20:03:00 - [167526485-2-S1-39] Computing periodogram data for TCE...
2025-10-04 20:03:03 - [167526485-2-S1-39] Phase-folding time series using TCE's orbital period found in TCE table...
2025-10-04 20:03:04 - [167526485-2-S1-39] Generating features for TCE based on preprocessed light curve data...
2025-10-04 20:03:07 - Finished preprocessed TCE 167526485-2-S1-39 for target 167526485-1-39. Status: True
2025-10-04 20:03:07 - Spent 0.9666666666666667 minutes preprocessing 2 TCEs for target 167526485-1-39.
2025-10-04 20:03:07 - Preprocessed 2/2 TCEs for target 167526485-1-39 in shard shard-00000-of-00001-node-2.
2025-10-04 20:03:07 - 0: Processing 1 TCEs for target 167526485-6 in shard shard-00000-of-00001-node-2 (2/3)...
2025-10-04 20:03:07 - [167526485-6] Reading light curve data for target 167526485-6.
2025-10-04 20:03:07 - [167526485-6] Using targets' RA and Dec coordinates from the TCE table.
2025-10-04 20:03:07 - [167526485-6] Finding transits for all detected TCEs in target.
2025-10-04 20:03:07 - [167526485-6] Preprocessing light curve data for target 167526485-6...
2025-10-04 20:03:08 - [167526485-6] SG detrending model flux data info. Chosen polynomial order: 2
2025-10-04 20:03:09 - [167526485-6] SG detrending model centroid x data info. Chosen polynomial order: 3
2025-10-04 20:03:09 - [167526485-6] SG detrending model centroid y data info. Chosen polynomial order: 3
2025-10-04 20:03:09 - [167526485-6] Finished preprocessing light curve data for target 167526485-6.
 Started preprocessing 1 TCEs...
2025-10-04 20:03:09 - Preprocessing TCE 167526485-1-S6 for target 167526485-6...
2025-10-04 20:03:09 - [167526485-1-S6] Computing periodogram data for TCE...
2025-10-04 20:03:10 - [167526485-1-S6] Phase-folding time series using TCE's orbital period found in TCE table...
2025-10-04 20:03:10 - [167526485-1-S6] Generating features for TCE based on preprocessed light curve data...
2025-10-04 20:03:12 - Finished preprocessed TCE 167526485-1-S6 for target 167526485-6. Status: True
2025-10-04 20:03:12 - Spent 0.08333333333333333 minutes preprocessing 1 TCEs for target 167526485-6.
2025-10-04 20:03:12 - Preprocessed 1/1 TCEs for target 167526485-6 in shard shard-00000-of-00001-node-2.
2025-10-04 20:03:12 - 0: Wrote 3/3 TCEs in 2/2 targets to shard shard-00000-of-00001-node-2. Failed to preprocess 0 TCEs. Spent (HH:MM:SS): 0:01:03.
2025-10-05 21:16:57 - Read TCE table with 3 examples.
2025-10-05 21:16:57 - Process shard 0 (1 total shards)
2025-10-05 21:16:57 - 0: Processing 3 TCEs (2 targets) in shard shard-00000-of-00001-node-2.
2025-10-05 21:16:57 - 0: Processing 2 TCEs for target 167526485-1-39 in shard shard-00000-of-00001-node-2 (0/3)...
2025-10-05 21:16:57 - [167526485-1-39] Reading light curve data for target 167526485-1-39.
2025-10-05 21:17:07 - [167526485-1-39] Using targets' RA and Dec coordinates from the TCE table.
2025-10-05 21:17:07 - [167526485-1-39] Finding transits for all detected TCEs in target.
2025-10-05 21:17:07 - [167526485-1-39] Preprocessing light curve data for target 167526485-1-39...
2025-10-05 21:17:23 - [167526485-1-39] SG detrending model flux data info. Chosen polynomial order: 2
2025-10-05 21:17:39 - [167526485-1-39] SG detrending model centroid x data info. Chosen polynomial order: 3
2025-10-05 21:17:56 - [167526485-1-39] SG detrending model centroid y data info. Chosen polynomial order: 3
2025-10-05 21:17:56 - [167526485-1-39] Finished preprocessing light curve data for target 167526485-1-39.
 Started preprocessing 2 TCEs...
2025-10-05 21:17:56 - Preprocessing TCE 167526485-1-S1-39 for target 167526485-1-39...
2025-10-05 21:17:56 - [167526485-1-S1-39] Computing periodogram data for TCE...
2025-10-05 21:18:01 - [167526485-1-S1-39] Phase-folding time series using TCE's orbital period found in TCE table...
2025-10-05 21:18:02 - [167526485-1-S1-39] Generating features for TCE based on preprocessed light curve data...
2025-10-05 21:18:07 - Finished preprocessed TCE 167526485-1-S1-39 for target 167526485-1-39. Status: True
2025-10-05 21:18:07 - Preprocessing TCE 167526485-2-S1-39 for target 167526485-1-39...
2025-10-05 21:18:07 - [167526485-2-S1-39] Computing periodogram data for TCE...
2025-10-05 21:18:11 - [167526485-2-S1-39] Phase-folding time series using TCE's orbital period found in TCE table...
2025-10-05 21:18:11 - [167526485-2-S1-39] Generating features for TCE based on preprocessed light curve data...
2025-10-05 21:18:16 - Finished preprocessed TCE 167526485-2-S1-39 for target 167526485-1-39. Status: True
2025-10-05 21:18:16 - Spent 1.3166666666666667 minutes preprocessing 2 TCEs for target 167526485-1-39.
2025-10-05 21:18:16 - Preprocessed 2/2 TCEs for target 167526485-1-39 in shard shard-00000-of-00001-node-2.
2025-10-05 21:18:16 - 0: Processing 1 TCEs for target 167526485-6 in shard shard-00000-of-00001-node-2 (2/3)...
2025-10-05 21:18:16 - [167526485-6] Reading light curve data for target 167526485-6.
2025-10-05 21:18:17 - [167526485-6] Using targets' RA and Dec coordinates from the TCE table.
2025-10-05 21:18:17 - [167526485-6] Finding transits for all detected TCEs in target.
2025-10-05 21:18:17 - [167526485-6] Preprocessing light curve data for target 167526485-6...
2025-10-05 21:18:17 - [167526485-6] SG detrending model flux data info. Chosen polynomial order: 2
2025-10-05 21:18:18 - [167526485-6] SG detrending model centroid x data info. Chosen polynomial order: 3
2025-10-05 21:18:19 - [167526485-6] SG detrending model centroid y data info. Chosen polynomial order: 3
2025-10-05 21:18:19 - [167526485-6] Finished preprocessing light curve data for target 167526485-6.
 Started preprocessing 1 TCEs...
2025-10-05 21:18:19 - Preprocessing TCE 167526485-1-S6 for target 167526485-6...
2025-10-05 21:18:19 - [167526485-1-S6] Computing periodogram data for TCE...
2025-10-05 21:18:20 - [167526485-1-S6] Phase-folding time series using TCE's orbital period found in TCE table...
2025-10-05 21:18:20 - [167526485-1-S6] Generating features for TCE based on preprocessed light curve data...
2025-10-05 21:18:23 - Finished preprocessed TCE 167526485-1-S6 for target 167526485-6. Status: True
2025-10-05 21:18:23 - Spent 0.11666666666666667 minutes preprocessing 1 TCEs for target 167526485-6.
2025-10-05 21:18:23 - Preprocessed 1/1 TCEs for target 167526485-6 in shard shard-00000-of-00001-node-2.
2025-10-05 21:18:23 - 0: Wrote 3/3 TCEs in 2/2 targets to shard shard-00000-of-00001-node-2. Failed to preprocess 0 TCEs. Spent (HH:MM:SS): 0:01:26.
2025-10-05 21:49:34 - Read TCE table with 3 examples.
2025-10-05 21:49:34 - Process shard 0 (1 total shards)
2025-10-05 21:49:34 - 0: Processing 3 TCEs (2 targets) in shard shard-00000-of-00001-node-2.
2025-10-05 21:49:34 - 0: Processing 2 TCEs for target 167526485-1-39 in shard shard-00000-of-00001-node-2 (0/3)...
2025-10-05 21:49:34 - [167526485-1-39] Reading light curve data for target 167526485-1-39.
2025-10-05 21:49:45 - [167526485-1-39] Using targets' RA and Dec coordinates from the TCE table.
2025-10-05 21:49:45 - [167526485-1-39] Finding transits for all detected TCEs in target.
2025-10-05 21:49:45 - [167526485-1-39] Preprocessing light curve data for target 167526485-1-39...
2025-10-05 21:49:56 - [167526485-1-39] SG detrending model flux data info. Chosen polynomial order: 2
2025-10-05 21:50:07 - [167526485-1-39] SG detrending model centroid x data info. Chosen polynomial order: 3
2025-10-05 21:50:18 - [167526485-1-39] SG detrending model centroid y data info. Chosen polynomial order: 3
2025-10-05 21:50:18 - [167526485-1-39] Finished preprocessing light curve data for target 167526485-1-39.
 Started preprocessing 2 TCEs...
2025-10-05 21:50:18 - Preprocessing TCE 167526485-1-S1-39 for target 167526485-1-39...
2025-10-05 21:50:18 - [167526485-1-S1-39] Computing periodogram data for TCE...
2025-10-05 21:50:22 - [167526485-1-S1-39] Phase-folding time series using TCE's orbital period found in TCE table...
2025-10-05 21:50:22 - [167526485-1-S1-39] Generating features for TCE based on preprocessed light curve data...
2025-10-05 21:50:26 - Finished preprocessed TCE 167526485-1-S1-39 for target 167526485-1-39. Status: True
2025-10-05 21:50:26 - Preprocessing TCE 167526485-2-S1-39 for target 167526485-1-39...
2025-10-05 21:50:26 - [167526485-2-S1-39] Computing periodogram data for TCE...
2025-10-05 21:50:29 - [167526485-2-S1-39] Phase-folding time series using TCE's orbital period found in TCE table...
2025-10-05 21:50:30 - [167526485-2-S1-39] Generating features for TCE based on preprocessed light curve data...
2025-10-05 21:50:33 - Finished preprocessed TCE 167526485-2-S1-39 for target 167526485-1-39. Status: True
2025-10-05 21:50:33 - Spent 0.9833333333333333 minutes preprocessing 2 TCEs for target 167526485-1-39.
2025-10-05 21:50:33 - Preprocessed 2/2 TCEs for target 167526485-1-39 in shard shard-00000-of-00001-node-2.
2025-10-05 21:50:33 - 0: Processing 1 TCEs for target 167526485-6 in shard shard-00000-of-00001-node-2 (2/3)...
2025-10-05 21:50:33 - [167526485-6] Reading light curve data for target 167526485-6.
2025-10-05 21:50:34 - [167526485-6] Using targets' RA and Dec coordinates from the TCE table.
2025-10-05 21:50:34 - [167526485-6] Finding transits for all detected TCEs in target.
2025-10-05 21:50:34 - [167526485-6] Preprocessing light curve data for target 167526485-6...
2025-10-05 21:50:35 - [167526485-6] SG detrending model flux data info. Chosen polynomial order: 2
2025-10-05 21:50:35 - [167526485-6] SG detrending model centroid x data info. Chosen polynomial order: 3
2025-10-05 21:50:36 - [167526485-6] SG detrending model centroid y data info. Chosen polynomial order: 3
2025-10-05 21:50:36 - [167526485-6] Finished preprocessing light curve data for target 167526485-6.
 Started preprocessing 1 TCEs...
2025-10-05 21:50:36 - Preprocessing TCE 167526485-1-S6 for target 167526485-6...
2025-10-05 21:50:36 - [167526485-1-S6] Computing periodogram data for TCE...
2025-10-05 21:50:36 - [167526485-1-S6] Phase-folding time series using TCE's orbital period found in TCE table...
2025-10-05 21:50:36 - [167526485-1-S6] Generating features for TCE based on preprocessed light curve data...
2025-10-05 21:50:39 - Finished preprocessed TCE 167526485-1-S6 for target 167526485-6. Status: True
2025-10-05 21:50:39 - Spent 0.1 minutes preprocessing 1 TCEs for target 167526485-6.
2025-10-05 21:50:39 - Preprocessed 1/1 TCEs for target 167526485-6 in shard shard-00000-of-00001-node-2.
2025-10-05 21:50:39 - 0: Wrote 3/3 TCEs in 2/2 targets to shard shard-00000-of-00001-node-2. Failed to preprocess 0 TCEs. Spent (HH:MM:SS): 0:01:05.
2025-10-05 21:53:38 - Read TCE table with 3 examples.
2025-10-05 21:53:39 - Process shard 0 (1 total shards)
2025-10-05 21:53:39 - 0: Processing 3 TCEs (2 targets) in shard shard-00000-of-00001-node-2.
2025-10-05 21:53:39 - 0: Processing 2 TCEs for target 167526485-1-39 in shard shard-00000-of-00001-node-2 (0/3)...
2025-10-05 21:53:39 - [167526485-1-39] Reading light curve data for target 167526485-1-39.
2025-10-05 21:53:47 - [167526485-1-39] Using targets' RA and Dec coordinates from the TCE table.
2025-10-05 21:53:47 - [167526485-1-39] Finding transits for all detected TCEs in target.
2025-10-05 21:53:48 - [167526485-1-39] Preprocessing light curve data for target 167526485-1-39...
2025-10-05 21:53:59 - [167526485-1-39] SG detrending model flux data info. Chosen polynomial order: 2
2025-10-05 21:54:12 - [167526485-1-39] SG detrending model centroid x data info. Chosen polynomial order: 3
2025-10-05 21:54:25 - [167526485-1-39] SG detrending model centroid y data info. Chosen polynomial order: 3
2025-10-05 21:54:25 - [167526485-1-39] Finished preprocessing light curve data for target 167526485-1-39.
 Started preprocessing 2 TCEs...
2025-10-05 21:54:25 - Preprocessing TCE 167526485-1-S1-39 for target 167526485-1-39...
2025-10-05 21:54:25 - [167526485-1-S1-39] Computing periodogram data for TCE...
2025-10-05 21:54:29 - [167526485-1-S1-39] Phase-folding time series using TCE's orbital period found in TCE table...
2025-10-05 21:54:29 - [167526485-1-S1-39] Generating features for TCE based on preprocessed light curve data...
2025-10-05 21:54:34 - Finished preprocessed TCE 167526485-1-S1-39 for target 167526485-1-39. Status: True
2025-10-05 21:54:34 - Preprocessing TCE 167526485-2-S1-39 for target 167526485-1-39...
2025-10-05 21:54:34 - [167526485-2-S1-39] Computing periodogram data for TCE...
2025-10-05 21:54:37 - [167526485-2-S1-39] Phase-folding time series using TCE's orbital period found in TCE table...
2025-10-05 21:54:37 - [167526485-2-S1-39] Generating features for TCE based on preprocessed light curve data...
2025-10-05 21:54:42 - Finished preprocessed TCE 167526485-2-S1-39 for target 167526485-1-39. Status: True
2025-10-05 21:54:42 - Spent 1.05 minutes preprocessing 2 TCEs for target 167526485-1-39.
2025-10-05 21:54:42 - Preprocessed 2/2 TCEs for target 167526485-1-39 in shard shard-00000-of-00001-node-2.
2025-10-05 21:54:42 - 0: Processing 1 TCEs for target 167526485-6 in shard shard-00000-of-00001-node-2 (2/3)...
2025-10-05 21:54:42 - [167526485-6] Reading light curve data for target 167526485-6.
2025-10-05 21:54:43 - [167526485-6] Using targets' RA and Dec coordinates from the TCE table.
2025-10-05 21:54:43 - [167526485-6] Finding transits for all detected TCEs in target.
2025-10-05 21:54:43 - [167526485-6] Preprocessing light curve data for target 167526485-6...
2025-10-05 21:54:43 - [167526485-6] SG detrending model flux data info. Chosen polynomial order: 2
2025-10-05 21:54:44 - [167526485-6] SG detrending model centroid x data info. Chosen polynomial order: 3
2025-10-05 21:54:45 - [167526485-6] SG detrending model centroid y data info. Chosen polynomial order: 3
2025-10-05 21:54:45 - [167526485-6] Finished preprocessing light curve data for target 167526485-6.
 Started preprocessing 1 TCEs...
2025-10-05 21:54:45 - Preprocessing TCE 167526485-1-S6 for target 167526485-6...
2025-10-05 21:54:45 - [167526485-1-S6] Computing periodogram data for TCE...
2025-10-05 21:54:45 - [167526485-1-S6] Phase-folding time series using TCE's orbital period found in TCE table...
2025-10-05 21:54:45 - [167526485-1-S6] Generating features for TCE based on preprocessed light curve data...
2025-10-05 21:54:48 - Finished preprocessed TCE 167526485-1-S6 for target 167526485-6. Status: True
2025-10-05 21:54:48 - Spent 0.1 minutes preprocessing 1 TCEs for target 167526485-6.
2025-10-05 21:54:48 - Preprocessed 1/1 TCEs for target 167526485-6 in shard shard-00000-of-00001-node-2.
2025-10-05 21:54:48 - 0: Wrote 3/3 TCEs in 2/2 targets to shard shard-00000-of-00001-node-2. Failed to preprocess 0 TCEs. Spent (HH:MM:SS): 0:01:09.
2025-10-05 23:57:30 - Read TCE table with 9 examples.
2025-10-05 23:57:30 - Process shard 0 (1 total shards)
2025-10-05 23:57:30 - 0: Processing 9 TCEs (8 targets) in shard shard-00000-of-00001-node-2.
2025-10-05 23:57:30 - 0: Processing 1 TCEs for target 167342439-1-39 in shard shard-00000-of-00001-node-2 (0/9)...
2025-10-05 23:57:30 - [167342439-1-39] Reading light curve data for target 167342439-1-39.
2025-10-05 23:57:34 - [167342439-1-39] Using targets' RA and Dec coordinates from the TCE table.
2025-10-05 23:57:34 - [167342439-1-39] Finding transits for all detected TCEs in target.
2025-10-05 23:57:34 - [167342439-1-39] Preprocessing light curve data for target 167342439-1-39...
2025-10-05 23:57:47 - [167342439-1-39] SG detrending model flux data info. Chosen polynomial order: 5
2025-10-05 23:58:02 - [167342439-1-39] SG detrending model centroid x data info. Chosen polynomial order: 3
2025-10-05 23:58:22 - [167342439-1-39] SG detrending model centroid y data info. Chosen polynomial order: 3
2025-10-05 23:58:22 - [167342439-1-39] Finished preprocessing light curve data for target 167342439-1-39.
 Started preprocessing 1 TCEs...
2025-10-05 23:58:22 - Preprocessing TCE 167342439-1-S1-39 for target 167342439-1-39...
2025-10-05 23:58:22 - [167342439-1-S1-39] Computing periodogram data for TCE...
2025-10-05 23:58:26 - [167342439-1-S1-39] Phase-folding time series using TCE's orbital period found in TCE table...
2025-10-05 23:58:27 - [167342439-1-S1-39] Generating features for TCE based on preprocessed light curve data...
2025-10-05 23:58:31 - Finished preprocessed TCE 167342439-1-S1-39 for target 167342439-1-39. Status: True
2025-10-05 23:58:31 - Spent 1.0166666666666666 minutes preprocessing 1 TCEs for target 167342439-1-39.
2025-10-05 23:58:31 - Preprocessed 1/1 TCEs for target 167342439-1-39 in shard shard-00000-of-00001-node-2.
2025-10-05 23:58:31 - 0: Processing 1 TCEs for target 167719618-1-39 in shard shard-00000-of-00001-node-2 (1/9)...
2025-10-05 23:58:31 - [167719618-1-39] Reading light curve data for target 167719618-1-39.
2025-10-05 23:58:37 - [167719618-1-39] Using targets' RA and Dec coordinates from the TCE table.
2025-10-05 23:58:37 - [167719618-1-39] Finding transits for all detected TCEs in target.
2025-10-05 23:58:37 - [167719618-1-39] Preprocessing light curve data for target 167719618-1-39...
2025-10-05 23:58:49 - [167719618-1-39] SG detrending model flux data info. Chosen polynomial order: 5
2025-10-05 23:59:14 - [167719618-1-39] SG detrending model centroid x data info. Chosen polynomial order: 3
2025-10-05 23:59:31 - [167719618-1-39] SG detrending model centroid y data info. Chosen polynomial order: 3
2025-10-05 23:59:31 - [167719618-1-39] Finished preprocessing light curve data for target 167719618-1-39.
 Started preprocessing 1 TCEs...
2025-10-05 23:59:31 - Preprocessing TCE 167719618-1-S1-39 for target 167719618-1-39...
2025-10-05 23:59:31 - [167719618-1-S1-39] Computing periodogram data for TCE...
2025-10-05 23:59:35 - [167719618-1-S1-39] Phase-folding time series using TCE's orbital period found in TCE table...
2025-10-05 23:59:36 - [167719618-1-S1-39] Generating features for TCE based on preprocessed light curve data...
2025-10-05 23:59:43 - Finished preprocessed TCE 167719618-1-S1-39 for target 167719618-1-39. Status: True
2025-10-05 23:59:43 - Spent 1.2 minutes preprocessing 1 TCEs for target 167719618-1-39.
2025-10-05 23:59:43 - Preprocessed 1/1 TCEs for target 167719618-1-39 in shard shard-00000-of-00001-node-2.
2025-10-05 23:59:43 - 0: Processing 1 TCEs for target 177077336-1-39 in shard shard-00000-of-00001-node-2 (2/9)...
2025-10-05 23:59:43 - [177077336-1-39] Reading light curve data for target 177077336-1-39.
2025-10-05 23:59:49 - [177077336-1-39] Using targets' RA and Dec coordinates from the TCE table.
2025-10-05 23:59:49 - [177077336-1-39] Finding transits for all detected TCEs in target.
2025-10-05 23:59:49 - [177077336-1-39] Preprocessing light curve data for target 177077336-1-39...
2025-10-06 00:00:01 - [177077336-1-39] SG detrending model flux data info. Chosen polynomial order: 0
2025-10-06 00:00:20 - [177077336-1-39] SG detrending model centroid x data info. Chosen polynomial order: 8
2025-10-06 00:00:38 - [177077336-1-39] SG detrending model centroid y data info. Chosen polynomial order: 8
2025-10-06 00:00:38 - [177077336-1-39] Finished preprocessing light curve data for target 177077336-1-39.
 Started preprocessing 1 TCEs...
2025-10-06 00:00:38 - Preprocessing TCE 177077336-1-S1-39 for target 177077336-1-39...
2025-10-06 00:00:38 - [177077336-1-S1-39] Computing periodogram data for TCE...
2025-10-06 00:00:41 - [177077336-1-S1-39] Phase-folding time series using TCE's orbital period found in TCE table...
2025-10-06 00:00:42 - [177077336-1-S1-39] Generating features for TCE based on preprocessed light curve data...
2025-10-06 00:00:45 - Finished preprocessed TCE 177077336-1-S1-39 for target 177077336-1-39. Status: True
2025-10-06 00:00:45 - Spent 1.0333333333333334 minutes preprocessing 1 TCEs for target 177077336-1-39.
2025-10-06 00:00:45 - Preprocessed 1/1 TCEs for target 177077336-1-39 in shard shard-00000-of-00001-node-2.
2025-10-06 00:00:45 - 0: Processing 2 TCEs for target 219195044-1-39 in shard shard-00000-of-00001-node-2 (3/9)...
2025-10-06 00:00:45 - [219195044-1-39] Reading light curve data for target 219195044-1-39.
2025-10-06 00:00:49 - [219195044-1-39] Using targets' RA and Dec coordinates from the TCE table.
2025-10-06 00:00:49 - [219195044-1-39] Finding transits for all detected TCEs in target.
2025-10-06 00:00:49 - [219195044-1-39] Preprocessing light curve data for target 219195044-1-39...
2025-10-06 00:00:55 - [219195044-1-39] SG detrending model flux data info. Chosen polynomial order: 5
2025-10-06 00:01:02 - [219195044-1-39] SG detrending model centroid x data info. Chosen polynomial order: 3
2025-10-06 00:01:09 - [219195044-1-39] SG detrending model centroid y data info. Chosen polynomial order: 1
2025-10-06 00:01:09 - [219195044-1-39] Finished preprocessing light curve data for target 219195044-1-39.
 Started preprocessing 2 TCEs...
2025-10-06 00:01:09 - Preprocessing TCE 219195044-1-S1-39 for target 219195044-1-39...
2025-10-06 00:01:09 - [219195044-1-S1-39] Computing periodogram data for TCE...
2025-10-06 00:01:11 - [219195044-1-S1-39] Phase-folding time series using TCE's orbital period found in TCE table...
2025-10-06 00:01:11 - [219195044-1-S1-39] Generating features for TCE based on preprocessed light curve data...
2025-10-06 00:01:14 - Finished preprocessed TCE 219195044-1-S1-39 for target 219195044-1-39. Status: True
2025-10-06 00:01:14 - Preprocessing TCE 219195044-2-S1-39 for target 219195044-1-39...
2025-10-06 00:01:14 - [219195044-2-S1-39] Computing periodogram data for TCE...
2025-10-06 00:01:16 - [219195044-2-S1-39] Phase-folding time series using TCE's orbital period found in TCE table...
2025-10-06 00:01:16 - [219195044-2-S1-39] Generating features for TCE based on preprocessed light curve data...
2025-10-06 00:01:19 - Finished preprocessed TCE 219195044-2-S1-39 for target 219195044-1-39. Status: True
2025-10-06 00:01:19 - Spent 0.5666666666666667 minutes preprocessing 2 TCEs for target 219195044-1-39.
2025-10-06 00:01:19 - Preprocessed 2/2 TCEs for target 219195044-1-39 in shard shard-00000-of-00001-node-2.
2025-10-06 00:01:19 - 0: Processing 1 TCEs for target 255560319-1-39 in shard shard-00000-of-00001-node-2 (5/9)...
2025-10-06 00:01:19 - [255560319-1-39] Reading light curve data for target 255560319-1-39.
2025-10-06 00:01:23 - [255560319-1-39] Using targets' RA and Dec coordinates from the TCE table.
2025-10-06 00:01:23 - [255560319-1-39] Finding transits for all detected TCEs in target.
2025-10-06 00:01:23 - [255560319-1-39] Preprocessing light curve data for target 255560319-1-39...
2025-10-06 00:01:31 - [255560319-1-39] SG detrending model flux data info. Chosen polynomial order: 5
2025-10-06 00:01:39 - [255560319-1-39] SG detrending model centroid x data info. Chosen polynomial order: 3
2025-10-06 00:01:48 - [255560319-1-39] SG detrending model centroid y data info. Chosen polynomial order: 3
2025-10-06 00:01:48 - [255560319-1-39] Finished preprocessing light curve data for target 255560319-1-39.
 Started preprocessing 1 TCEs...
2025-10-06 00:01:48 - Preprocessing TCE 255560319-1-S1-39 for target 255560319-1-39...
2025-10-06 00:01:48 - [255560319-1-S1-39] Computing periodogram data for TCE...
2025-10-06 00:01:51 - [255560319-1-S1-39] Phase-folding time series using TCE's orbital period found in TCE table...
2025-10-06 00:01:51 - [255560319-1-S1-39] Generating features for TCE based on preprocessed light curve data...
2025-10-06 00:01:54 - Finished preprocessed TCE 255560319-1-S1-39 for target 255560319-1-39. Status: True
2025-10-06 00:01:54 - Spent 0.5833333333333334 minutes preprocessing 1 TCEs for target 255560319-1-39.
2025-10-06 00:01:54 - Preprocessed 1/1 TCEs for target 255560319-1-39 in shard shard-00000-of-00001-node-2.
2025-10-06 00:01:54 - 0: Processing 1 TCEs for target 350299588-1-39 in shard shard-00000-of-00001-node-2 (6/9)...
2025-10-06 00:01:54 - [350299588-1-39] Reading light curve data for target 350299588-1-39.
2025-10-06 00:02:01 - [350299588-1-39] Using targets' RA and Dec coordinates from the TCE table.
2025-10-06 00:02:01 - [350299588-1-39] Finding transits for all detected TCEs in target.
2025-10-06 00:02:01 - [350299588-1-39] Preprocessing light curve data for target 350299588-1-39...
2025-10-06 00:02:15 - [350299588-1-39] SG detrending model flux data info. Chosen polynomial order: 5
2025-10-06 00:02:44 - [350299588-1-39] SG detrending model centroid x data info. Chosen polynomial order: 3
2025-10-06 00:03:06 - [350299588-1-39] SG detrending model centroid y data info. Chosen polynomial order: 3
2025-10-06 00:03:06 - [350299588-1-39] Finished preprocessing light curve data for target 350299588-1-39.
 Started preprocessing 1 TCEs...
2025-10-06 00:03:06 - Preprocessing TCE 350299588-1-S1-39 for target 350299588-1-39...
2025-10-06 00:03:06 - [350299588-1-S1-39] Computing periodogram data for TCE...
2025-10-06 00:03:10 - [350299588-1-S1-39] Phase-folding time series using TCE's orbital period found in TCE table...
2025-10-06 00:03:10 - [350299588-1-S1-39] Generating features for TCE based on preprocessed light curve data...
2025-10-06 00:03:17 - Finished preprocessed TCE 350299588-1-S1-39 for target 350299588-1-39. Status: True
2025-10-06 00:03:17 - Spent 1.3833333333333333 minutes preprocessing 1 TCEs for target 350299588-1-39.
2025-10-06 00:03:17 - Preprocessed 1/1 TCEs for target 350299588-1-39 in shard shard-00000-of-00001-node-2.
2025-10-06 00:03:17 - 0: Processing 1 TCEs for target 374829238-1-39 in shard shard-00000-of-00001-node-2 (7/9)...
2025-10-06 00:03:17 - [374829238-1-39] Reading light curve data for target 374829238-1-39.
2025-10-06 00:03:21 - [374829238-1-39] Using targets' RA and Dec coordinates from the TCE table.
2025-10-06 00:03:21 - [374829238-1-39] Finding transits for all detected TCEs in target.
2025-10-06 00:03:21 - [374829238-1-39] Preprocessing light curve data for target 374829238-1-39...
2025-10-06 00:03:28 - [374829238-1-39] SG detrending model flux data info. Chosen polynomial order: 4
2025-10-06 00:03:35 - [374829238-1-39] SG detrending model centroid x data info. Chosen polynomial order: 3
2025-10-06 00:03:44 - [374829238-1-39] SG detrending model centroid y data info. Chosen polynomial order: 1
2025-10-06 00:03:44 - [374829238-1-39] Finished preprocessing light curve data for target 374829238-1-39.
 Started preprocessing 1 TCEs...
2025-10-06 00:03:44 - Preprocessing TCE 374829238-1-S1-39 for target 374829238-1-39...
2025-10-06 00:03:44 - [374829238-1-S1-39] Computing periodogram data for TCE...
2025-10-06 00:03:47 - [374829238-1-S1-39] Phase-folding time series using TCE's orbital period found in TCE table...
2025-10-06 00:03:47 - [374829238-1-S1-39] Generating features for TCE based on preprocessed light curve data...
2025-10-06 00:03:49 - Finished preprocessed TCE 374829238-1-S1-39 for target 374829238-1-39. Status: True
2025-10-06 00:03:49 - Spent 0.5333333333333333 minutes preprocessing 1 TCEs for target 374829238-1-39.
2025-10-06 00:03:49 - Preprocessed 1/1 TCEs for target 374829238-1-39 in shard shard-00000-of-00001-node-2.
2025-10-06 00:03:49 - 0: Processing 1 TCEs for target 418255064-1-39 in shard shard-00000-of-00001-node-2 (8/9)...
2025-10-06 00:03:50 - [418255064-1-39] Reading light curve data for target 418255064-1-39.
2025-10-06 00:03:51 - [418255064-1-39] Using targets' RA and Dec coordinates from the TCE table.
2025-10-06 00:03:51 - [418255064-1-39] Finding transits for all detected TCEs in target.
2025-10-06 00:03:51 - [418255064-1-39] Preprocessing light curve data for target 418255064-1-39...
2025-10-06 00:03:53 - [418255064-1-39] SG detrending model flux data info. Chosen polynomial order: 4
2025-10-06 00:03:55 - [418255064-1-39] SG detrending model centroid x data info. Chosen polynomial order: 3
2025-10-06 00:03:57 - [418255064-1-39] SG detrending model centroid y data info. Chosen polynomial order: 3
2025-10-06 00:03:57 - [418255064-1-39] Finished preprocessing light curve data for target 418255064-1-39.
 Started preprocessing 1 TCEs...
2025-10-06 00:03:57 - Preprocessing TCE 418255064-1-S1-39 for target 418255064-1-39...
2025-10-06 00:03:57 - [418255064-1-S1-39] Computing periodogram data for TCE...
2025-10-06 00:03:57 - [418255064-1-S1-39] Phase-folding time series using TCE's orbital period found in TCE table...
2025-10-06 00:03:58 - [418255064-1-S1-39] Generating features for TCE based on preprocessed light curve data...
2025-10-06 00:04:00 - Finished preprocessed TCE 418255064-1-S1-39 for target 418255064-1-39. Status: True
2025-10-06 00:04:00 - Spent 0.16666666666666666 minutes preprocessing 1 TCEs for target 418255064-1-39.
2025-10-06 00:04:00 - Preprocessed 1/1 TCEs for target 418255064-1-39 in shard shard-00000-of-00001-node-2.
2025-10-06 00:04:00 - 0: Wrote 9/9 TCEs in 8/8 targets to shard shard-00000-of-00001-node-2. Failed to preprocess 0 TCEs. Spent (HH:MM:SS): 0:06:30.
