2025-10-04 20:02:09 - Read TCE table with 3 examples.
2025-10-04 20:02:09 - Process shard 0 (1 total shards)
2025-10-04 20:02:09 - 0: Processing 3 TCEs (2 targets) in shard shard-00000-of-00001-node-2.
2025-10-04 20:02:09 - 0: Processing 2 TCEs for target 167526485-1-39 in shard shard-00000-of-00001-node-2 (0/3)...
2025-10-04 20:02:09 - [167526485-1-39] Reading light curve data for target 167526485-1-39.
2025-10-04 20:02:13 - [167526485-1-39] Using targets' RA and Dec coordinates from the TCE table.
2025-10-04 20:02:13 - [167526485-1-39] Finding transits for all detected TCEs in target.
2025-10-04 20:02:13 - [167526485-1-39] Preprocessing light curve data for target 167526485-1-39...
2025-10-04 20:02:25 - [167526485-1-39] SG detrending model flux data info. Chosen polynomial order: 2
2025-10-04 20:02:37 - [167526485-1-39] SG detrending model centroid x data info. Chosen polynomial order: 3
2025-10-04 20:02:50 - [167526485-1-39] SG detrending model centroid y data info. Chosen polynomial order: 3
2025-10-04 20:02:50 - [167526485-1-39] Finished preprocessing light curve data for target 167526485-1-39.
 Started preprocessing 2 TCEs...
2025-10-04 20:02:50 - Preprocessing TCE 167526485-1-S1-39 for target 167526485-1-39...
2025-10-04 20:02:50 - [167526485-1-S1-39] Computing periodogram data for TCE...
2025-10-04 20:02:54 - [167526485-1-S1-39] Phase-folding time series using TCE's orbital period found in TCE table...
2025-10-04 20:02:55 - [167526485-1-S1-39] Generating features for TCE based on preprocessed light curve data...
2025-10-04 20:03:00 - Finished preprocessed TCE 167526485-1-S1-39 for target 167526485-1-39. Status: True
2025-10-04 20:03:00 - Preprocessing TCE 167526485-2-S1-39 for target 167526485-1-39...
2025-10-04 20:03:00 - [167526485-2-S1-39] Computing periodogram data for TCE...
2025-10-04 20:03:03 - [167526485-2-S1-39] Phase-folding time series using TCE's orbital period found in TCE table...
2025-10-04 20:03:04 - [167526485-2-S1-39] Generating features for TCE based on preprocessed light curve data...
2025-10-04 20:03:07 - Finished preprocessed TCE 167526485-2-S1-39 for target 167526485-1-39. Status: True
2025-10-04 20:03:07 - Spent 0.9666666666666667 minutes preprocessing 2 TCEs for target 167526485-1-39.
2025-10-04 20:03:07 - Preprocessed 2/2 TCEs for target 167526485-1-39 in shard shard-00000-of-00001-node-2.
2025-10-04 20:03:07 - 0: Processing 1 TCEs for target 167526485-6 in shard shard-00000-of-00001-node-2 (2/3)...
2025-10-04 20:03:07 - [167526485-6] Reading light curve data for target 167526485-6.
2025-10-04 20:03:07 - [167526485-6] Using targets' RA and Dec coordinates from the TCE table.
2025-10-04 20:03:07 - [167526485-6] Finding transits for all detected TCEs in target.
2025-10-04 20:03:07 - [167526485-6] Preprocessing light curve data for target 167526485-6...
2025-10-04 20:03:08 - [167526485-6] SG detrending model flux data info. Chosen polynomial order: 2
2025-10-04 20:03:09 - [167526485-6] SG detrending model centroid x data info. Chosen polynomial order: 3
2025-10-04 20:03:09 - [167526485-6] SG detrending model centroid y data info. Chosen polynomial order: 3
2025-10-04 20:03:09 - [167526485-6] Finished preprocessing light curve data for target 167526485-6.
 Started preprocessing 1 TCEs...
2025-10-04 20:03:09 - Preprocessing TCE 167526485-1-S6 for target 167526485-6...
2025-10-04 20:03:09 - [167526485-1-S6] Computing periodogram data for TCE...
2025-10-04 20:03:10 - [167526485-1-S6] Phase-folding time series using TCE's orbital period found in TCE table...
2025-10-04 20:03:10 - [167526485-1-S6] Generating features for TCE based on preprocessed light curve data...
2025-10-04 20:03:12 - Finished preprocessed TCE 167526485-1-S6 for target 167526485-6. Status: True
2025-10-04 20:03:12 - Spent 0.08333333333333333 minutes preprocessing 1 TCEs for target 167526485-6.
2025-10-04 20:03:12 - Preprocessed 1/1 TCEs for target 167526485-6 in shard shard-00000-of-00001-node-2.
2025-10-04 20:03:12 - 0: Wrote 3/3 TCEs in 2/2 targets to shard shard-00000-of-00001-node-2. Failed to preprocess 0 TCEs. Spent (HH:MM:SS): 0:01:03.
