2025-10-05 23:35:26,016 - Started run for ExoMiner.
2025-10-05 23:35:26,016 - 
######################
Documentation can be found at: https://github.com/nasa/Exominer/tree/main/docs/index.md
######################
2025-10-05 23:35:26,017 - Preparing inputs and adjusting configuration file...
2025-10-05 23:35:26,049 - Found 12 CPUs in this system. Number of cores requested: 1. Adjusting if needed...
2025-10-05 23:35:26,072 - Done.
2025-10-05 23:35:26,072 - Validating TIC IDs CSV file structure...
2025-10-05 23:35:26,076 - TIC IDs CSV structure validation passed. Found 100 valid entries.
2025-10-05 23:35:26,077 - TIC IDs CSV file structure validation completed.
2025-10-05 23:35:26,082 - Found 100 TIC IDs. Saving TIC IDs to tics_tbl.csv...
2025-10-05 23:35:26,082 - Checking validity of configuration file...
2025-10-05 23:35:26,084 - Done checking configuration file.
2025-10-05 23:35:26,095 - Split TIC IDs into 1 jobs to be processed in parallel using 1 process(es).
2025-10-05 23:35:26,095 - Started running ExoMiner pipeline on 1 process(es) for 1 job(s)...
2025-10-06 00:04:27,354 - Job 0 is complete.
2025-10-06 00:04:27,415 - Aggregating predictions into a single table in predictions_output.csv...
2025-10-06 00:04:28,240 - Found 1 job predictions files.
2025-10-06 00:04:28,616 - Saved predictions to /app/output/predictions_output.csv.
2025-10-06 00:04:28,617 - Finished running ExoMiner pipeline.
