2025-10-04 20:00:22,392 - Started run for ExoMiner.
2025-10-04 20:00:22,392 - 
######################
Documentation can be found at: https://github.com/nasa/Exominer/tree/main/docs/index.md
######################
2025-10-04 20:00:22,392 - Preparing inputs and adjusting configuration file...
2025-10-04 20:00:22,430 - Found 12 CPUs in this system. Number of cores requested: 1. Adjusting if needed...
2025-10-04 20:00:22,454 - Done.
2025-10-04 20:00:22,454 - Validating TIC IDs CSV file structure...
2025-10-04 20:00:22,467 - TIC IDs CSV structure validation passed. Found 3 valid entries.
2025-10-04 20:00:22,468 - TIC IDs CSV file structure validation completed.
2025-10-04 20:00:22,472 - Found 3 TIC IDs. Saving TIC IDs to tics_tbl.csv...
2025-10-04 20:00:22,473 - Checking validity of configuration file...
2025-10-04 20:00:22,474 - Done checking configuration file.
2025-10-04 20:00:22,496 - Split TIC IDs into 1 jobs to be processed in parallel using 1 process(es).
2025-10-04 20:00:22,496 - Started running ExoMiner pipeline on 1 process(es) for 1 job(s)...
2025-10-04 20:03:27,414 - Job 0 is complete.
2025-10-04 20:03:27,463 - Aggregating predictions into a single table in predictions_output.csv...
2025-10-04 20:03:27,678 - Found 1 job predictions files.
2025-10-04 20:03:27,879 - Saved predictions to /app/output/predictions_output.csv.
2025-10-04 20:03:27,880 - Finished running ExoMiner pipeline.
